Component: ARM Compiler 6.12 Tool: armlink [5d624300]

==============================================================================

Section Cross References

    startup_stm32g431xx.o(RESET) refers to startup_stm32g431xx.o(STACK) for __initial_sp
    startup_stm32g431xx.o(RESET) refers to startup_stm32g431xx.o(.text) for Reset_Handler
    startup_stm32g431xx.o(RESET) refers to stm32g4xx_it.o(.text.NMI_Handler) for NMI_Handler
    startup_stm32g431xx.o(RESET) refers to stm32g4xx_it.o(.text.HardFault_Handler) for HardFault_Handler
    startup_stm32g431xx.o(RESET) refers to stm32g4xx_it.o(.text.MemManage_Handler) for MemManage_Handler
    startup_stm32g431xx.o(RESET) refers to stm32g4xx_it.o(.text.BusFault_Handler) for BusFault_Handler
    startup_stm32g431xx.o(RESET) refers to stm32g4xx_it.o(.text.UsageFault_Handler) for UsageFault_Handler
    startup_stm32g431xx.o(RESET) refers to stm32g4xx_it.o(.text.SVC_Handler) for SVC_Handler
    startup_stm32g431xx.o(RESET) refers to stm32g4xx_it.o(.text.DebugMon_Handler) for DebugMon_Handler
    startup_stm32g431xx.o(RESET) refers to stm32g4xx_it.o(.text.PendSV_Handler) for PendSV_Handler
    startup_stm32g431xx.o(RESET) refers to stm32g4xx_it.o(.text.SysTick_Handler) for SysTick_Handler
    startup_stm32g431xx.o(RESET) refers to stm32g4xx_it.o(.text.TIM1_BRK_TIM15_IRQHandler) for TIM1_BRK_TIM15_IRQHandler
    startup_stm32g431xx.o(RESET) refers to stm32g4xx_it.o(.text.TIM1_UP_TIM16_IRQHandler) for TIM1_UP_TIM16_IRQHandler
    startup_stm32g431xx.o(RESET) refers to stm32g4xx_it.o(.text.TIM1_TRG_COM_TIM17_IRQHandler) for TIM1_TRG_COM_TIM17_IRQHandler
    startup_stm32g431xx.o(RESET) refers to stm32g4xx_it.o(.text.TIM3_IRQHandler) for TIM3_IRQHandler
    startup_stm32g431xx.o(.text) refers to system_stm32g4xx.o(.text.SystemInit) for SystemInit
    startup_stm32g431xx.o(.text) refers to entry.o(.ARM.Collect$$$$00000000) for __main
    main.o(.text.main) refers to stm32g4xx_hal.o(.text.HAL_Init) for HAL_Init
    main.o(.text.main) refers to main.o(.text.SystemClock_Config) for SystemClock_Config
    main.o(.text.main) refers to gpio.o(.text.MX_GPIO_Init) for MX_GPIO_Init
    main.o(.text.main) refers to tim.o(.text.MX_TIM2_Init) for MX_TIM2_Init
    main.o(.text.main) refers to tim.o(.text.MX_TIM3_Init) for MX_TIM3_Init
    main.o(.text.main) refers to tim.o(.text.MX_TIM16_Init) for MX_TIM16_Init
    main.o(.text.main) refers to adc.o(.text.MX_ADC2_Init) for MX_ADC2_Init
    main.o(.text.main) refers to tim.o(.text.MX_TIM17_Init) for MX_TIM17_Init
    main.o(.text.main) refers to tim.o(.text.MX_TIM15_Init) for MX_TIM15_Init
    main.o(.text.main) refers to lcd.o(.text.LCD_Init) for LCD_Init
    main.o(.text.main) refers to lcd.o(.text.LCD_Clear) for LCD_Clear
    main.o(.text.main) refers to lcd.o(.text.LCD_SetBackColor) for LCD_SetBackColor
    main.o(.text.main) refers to lcd.o(.text.LCD_SetTextColor) for LCD_SetTextColor
    main.o(.text.main) refers to stm32g4xx_hal_tim.o(.text.HAL_TIM_PWM_Start) for HAL_TIM_PWM_Start
    main.o(.text.main) refers to stm32g4xx_hal_tim.o(.text.HAL_TIM_IC_Start_IT) for HAL_TIM_IC_Start_IT
    main.o(.text.main) refers to stm32g4xx_hal_adc.o(.text.HAL_ADC_Start) for HAL_ADC_Start
    main.o(.text.main) refers to stm32g4xx_hal_adc.o(.text.HAL_ADC_GetValue) for HAL_ADC_GetValue
    main.o(.text.main) refers to dfltui.o(.text) for __aeabi_ui2d
    main.o(.text.main) refers to dmul.o(.text) for __aeabi_dmul
    main.o(.text.main) refers to dcmple.o(.text) for __aeabi_dcmple
    main.o(.text.main) refers to dcmpge.o(.text) for __aeabi_dcmpge
    main.o(.text.main) refers to dadd.o(.text) for __aeabi_dadd
    main.o(.text.main) refers to dfixui.o(.text) for __aeabi_d2uiz
    main.o(.text.main) refers to f2d.o(.text) for __aeabi_f2d
    main.o(.text.main) refers to ddiv.o(.text) for __aeabi_ddiv
    main.o(.text.main) refers to d2f.o(.text) for __aeabi_d2f
    main.o(.text.main) refers to lcd.o(.text.LCD_DisplayStringLine) for LCD_DisplayStringLine
    main.o(.text.main) refers to printfa.o(i.__0sprintf) for __2sprintf
    main.o(.text.main) refers to tim.o(.bss.htim15) for htim15
    main.o(.text.main) refers to stm32g4xx_hal_tim.o(.text.HAL_TIM_Base_Start_IT) for HAL_TIM_Base_Start_IT
    main.o(.text.main) refers to tim.o(.bss.htim16) for htim16
    main.o(.text.main) refers to tim.o(.bss.htim17) for htim17
    main.o(.text.main) refers to tim.o(.bss.htim2) for htim2
    main.o(.text.main) refers to tim.o(.bss.htim3) for htim3
    main.o(.text.main) refers to main.o(.rodata.str1.4) for .L.str
    main.o(.text.main) refers to main.o(.bss..L_MergedGlobals.14) for [Anonymous Symbol]
    main.o(.text.main) refers to stm32g4xx_hal_gpio.o(.text.HAL_GPIO_WritePin) for HAL_GPIO_WritePin
    main.o(.text.main) refers to adc.o(.bss.hadc2) for hadc2
    main.o(.text.main) refers to main.o(.data..L_MergedGlobals) for [Anonymous Symbol]
[...]
    __arm_cp.26_11                           0x08000ccc   Number         4  stm32g4xx_hal_adc.o(.text.HAL_ADC_ConfigChannel)
    [Anonymous Symbol]                       0x08000cd0   Section        0  stm32g4xx_hal_adc.o(.text.HAL_ADC_GetValue)
    [Anonymous Symbol]                       0x08000cd8   Section        0  stm32g4xx_hal_adc.o(.text.HAL_ADC_Init)
    __arm_cp.0_0                             0x08000e98   Number         4  stm32g4xx_hal_adc.o(.text.HAL_ADC_Init)
    __arm_cp.0_1                             0x08000e9c   Number         4  stm32g4xx_hal_adc.o(.text.HAL_ADC_Init)
    __arm_cp.0_2                             0x08000ea0   Number         4  stm32g4xx_hal_adc.o(.text.HAL_ADC_Init)
    __arm_cp.0_3                             0x08000ea4   Number         4  stm32g4xx_hal_adc.o(.text.HAL_ADC_Init)
    __arm_cp.0_4                             0x08000ea8   Number         4  stm32g4xx_hal_adc.o(.text.HAL_ADC_Init)
    __arm_cp.0_5                             0x08000eac   Number         4  stm32g4xx_hal_adc.o(.text.HAL_ADC_Init)
    [Anonymous Symbol]                       0x08000eb0   Section        0  adc.o(.text.HAL_ADC_MspInit)
    __arm_cp.1_1                             0x08000f08   Number         4  adc.o(.text.HAL_ADC_MspInit)
    __arm_cp.1_2                             0x08000f0c   Number         4  adc.o(.text.HAL_ADC_MspInit)
    [Anonymous Symbol]                       0x08000f10   Section        0  stm32g4xx_hal_adc.o(.text.HAL_ADC_Start)
    __arm_cp.6_0                             0x08000fdc   Number         4  stm32g4xx_hal_adc.o(.text.HAL_ADC_Start)
    __arm_cp.6_1                             0x08000fe0   Number         4  stm32g4xx_hal_adc.o(.text.HAL_ADC_Start)
    [Anonymous Symbol]                       0x08000fe4   Section        0  stm32g4xx_hal.o(.text.HAL_Delay)
    [Anonymous Symbol]                       0x08001004   Section        0  stm32g4xx_hal_gpio.o(.text.HAL_GPIO_Init)
    __arm_cp.0_0                             0x08001174   Number         4  stm32g4xx_hal_gpio.o(.text.HAL_GPIO_Init)
    __arm_cp.0_1                             0x08001178   Number         4  stm32g4xx_hal_gpio.o(.text.HAL_GPIO_Init)
    __arm_cp.0_2                             0x0800117c   Number         4  stm32g4xx_hal_gpio.o(.text.HAL_GPIO_Init)
    __arm_cp.0_3                             0x08001180   Number         4  stm32g4xx_hal_gpio.o(.text.HAL_GPIO_Init)
    __arm_cp.0_4                             0x08001184   Number         4  stm32g4xx_hal_gpio.o(.text.HAL_GPIO_Init)
    [Anonymous Symbol]                       0x08001188   Section        0  stm32g4xx_hal_gpio.o(.text.HAL_GPIO_ReadPin)
    [Anonymous Symbol]                       0x08001192   Section        0  stm32g4xx_hal_gpio.o(.text.HAL_GPIO_WritePin)
    [Anonymous Symbol]                       0x080011a0   Section        0  stm32g4xx_hal.o(.text.HAL_GetTick)
    [Anonymous Symbol]                       0x080011a8   Section        0  stm32g4xx_hal.o(.text.HAL_IncTick)
    __arm_cp.5_1                             0x080011b8   Number         4  stm32g4xx_hal.o(.text.HAL_IncTick)
    [Anonymous Symbol]                       0x080011bc   Section        0  stm32g4xx_hal.o(.text.HAL_Init)
    [Anonymous Symbol]                       0x080011d8   Section        0  stm32g4xx_hal.o(.text.HAL_InitTick)
    __arm_cp.1_0                             0x08001218   Number         4  stm32g4xx_hal.o(.text.HAL_InitTick)
    [Anonymous Symbol]                       0x0800121c   Section        0  stm32g4xx_hal_msp.o(.text.HAL_MspInit)
    __arm_cp.0_0                             0x0800124c   Number         4  stm32g4xx_hal_msp.o(.text.HAL_MspInit)
    [Anonymous Symbol]                       0x08001250   Section        0  stm32g4xx_hal_cortex.o(.text.HAL_NVIC_EnableIRQ)
    __arm_cp.3_0                             0x08001268   Number         4  stm32g4xx_hal_cortex.o(.text.HAL_NVIC_EnableIRQ)
    [Anonymous Symbol]                       0x0800126c   Section        0  stm32g4xx_hal_cortex.o(.text.HAL_NVIC_SetPriority)
    [Anonymous Symbol]                       0x080012a8   Section        0  stm32g4xx_hal_cortex.o(.text.HAL_NVIC_SetPriorityGrouping)
    __arm_cp.0_0                             0x080012c0   Number         4  stm32g4xx_hal_cortex.o(.text.HAL_NVIC_SetPriorityGrouping)
    __arm_cp.0_1                             0x080012c4   Number         4  stm32g4xx_hal_cortex.o(.text.HAL_NVIC_SetPriorityGrouping)
    [Anonymous Symbol]                       0x080012c8   Section        0  stm32g4xx_hal_pwr_ex.o(.text.HAL_PWREx_ControlVoltageScaling)
    __arm_cp.1_1                             0x0800136c   Number         4  stm32g4xx_hal_pwr_ex.o(.text.HAL_PWREx_ControlVoltageScaling)
    __arm_cp.1_2                             0x08001370   Number         4  stm32g4xx_hal_pwr_ex.o(.text.HAL_PWREx_ControlVoltageScaling)
    [Anonymous Symbol]                       0x08001374   Section        0  stm32g4xx_hal_pwr_ex.o(.text.HAL_PWREx_DisableUCPDDeadBattery)
    __arm_cp.36_0                            0x08001380   Number         4  stm32g4xx_hal_pwr_ex.o(.text.HAL_PWREx_DisableUCPDDeadBattery)
    [Anonymous Symbol]                       0x08001384   Section        0  stm32g4xx_hal_rcc_ex.o(.text.HAL_RCCEx_PeriphCLKConfig)
    __arm_cp.0_0                             0x080015ac   Number         4  stm32g4xx_hal_rcc_ex.o(.text.HAL_RCCEx_PeriphCLKConfig)
    __arm_cp.0_1                             0x080015b0   Number         4  stm32g4xx_hal_rcc_ex.o(.text.HAL_RCCEx_PeriphCLKConfig)
    [Anonymous Symbol]                       0x080015b4   Section        0  stm32g4xx_hal_rcc.o(.text.HAL_RCC_ClockConfig)
    __arm_cp.2_0                             0x08001788   Number         4  stm32g4xx_hal_rcc.o(.text.HAL_RCC_ClockConfig)
    __arm_cp.2_2                             0x0800178c   Number         4  stm32g4xx_hal_rcc.o(.text.HAL_RCC_ClockConfig)
    __arm_cp.2_4                             0x08001790   Number         4  stm32g4xx_hal_rcc.o(.text.HAL_RCC_ClockConfig)
    __arm_cp.2_5                             0x08001794   Number         4  stm32g4xx_hal_rcc.o(.text.HAL_RCC_ClockConfig)
    __arm_cp.2_6                             0x08001798   Number         4  stm32g4xx_hal_rcc.o(.text.HAL_RCC_ClockConfig)
    [Anonymous Symbol]                       0x0800179c   Section        0  stm32g4xx_hal_rcc.o(.text.HAL_RCC_GetSysClockFreq)
    __arm_cp.3_0                             0x080017fc   Number         4  stm32g4xx_hal_rcc.o(.text.HAL_RCC_GetSysClockFreq)
    __arm_cp.3_1                             0x08001800   Number         4  stm32g4xx_hal_rcc.o(.text.HAL_RCC_GetSysClockFreq)
    __arm_cp.3_2                             0x08001804   Number         4  stm32g4xx_hal_rcc.o(.text.HAL_RCC_GetSysClockFreq)
    [Anonymous Symbol]                       0x08001808   Section        0  stm32g4xx_hal_rcc.o(.text.HAL_RCC_OscConfig)
    __arm_cp.1_6                             0x08001b94   Number         4  stm32g4xx_hal_rcc.o(.text.HAL_RCC_OscConfig)
    __arm_cp.1_1                             0x08001c30   Number         4  stm32g4xx_hal_rcc.o(.text.HAL_RCC_OscConfig)
    __arm_cp.1_2                             0x08001c34   Number         4  stm32g4xx_hal_rcc.o(.text.HAL_RCC_OscConfig)
    __arm_cp.1_3                             0x08001c38   Number         4  stm32g4xx_hal_rcc.o(.text.HAL_RCC_OscConfig)
    __arm_cp.1_4                             0x08001c3c   Number         4  stm32g4xx_hal_rcc.o(.text.HAL_RCC_OscConfig)
    __arm_cp.1_5                             0x08001c40   Number         4  stm32g4xx_hal_rcc.o(.text.HAL_RCC_OscConfig)
    [Anonymous Symbol]                       0x08001c44   Section        0  stm32g4xx_hal_cortex.o(.text.HAL_SYSTICK_Config)
    __arm_cp.7_0                             0x08001c64   Number         4  stm32g4xx_hal_cortex.o(.text.HAL_SYSTICK_Config)
    __arm_cp.7_1                             0x08001c68   Number         4  stm32g4xx_hal_cortex.o(.text.HAL_SYSTICK_Config)
    [Anonymous Symbol]                       0x08001c6c   Section        0  stm32g4xx_hal_tim_ex.o(.text.HAL_TIMEx_Break2Callback)
    [Anonymous Symbol]                       0x08001c6e   Section        0  stm32g4xx_hal_tim_ex.o(.text.HAL_TIMEx_BreakCallback)
    [Anonymous Symbol]                       0x08001c70   Section        0  stm32g4xx_hal_tim_ex.o(.text.HAL_TIMEx_CommutCallback)
    [Anonymous Symbol]                       0x08001c72   Section        0  stm32g4xx_hal_tim_ex.o(.text.HAL_TIMEx_DirectionChangeCallback)
    [Anonymous Symbol]                       0x08001c74   Section        0  stm32g4xx_hal_tim_ex.o(.text.HAL_TIMEx_EncoderIndexCallback)
    [Anonymous Symbol]                       0x08001c76   Section        0  stm32g4xx_hal_tim_ex.o(.text.HAL_TIMEx_IndexErrorCallback)
    [Anonymous Symbol]                       0x08001c78   Section        0  stm32g4xx_hal_tim_ex.o(.text.HAL_TIMEx_MasterConfigSynchronization)
    __arm_cp.34_2                            0x08001cf8   Number         4  stm32g4xx_hal_tim_ex.o(.text.HAL_TIMEx_MasterConfigSynchronization)
    [Anonymous Symbol]                       0x08001cfc   Section        0  stm32g4xx_hal_tim_ex.o(.text.HAL_TIMEx_TransitionErrorCallback)
    [Anonymous Symbol]                       0x08001cfe   Section        0  stm32g4xx_hal_tim.o(.text.HAL_TIM_Base_Init)
    [Anonymous Symbol]                       0x08001d60   Section        0  tim.o(.text.HAL_TIM_Base_MspInit)
    __arm_cp.6_0                             0x08001e60   Number         4  tim.o(.text.HAL_TIM_Base_MspInit)
    __arm_cp.6_3                             0x08001e64   Number         4  tim.o(.text.HAL_TIM_Base_MspInit)
    __arm_cp.6_4                             0x08001e68   Number         4  tim.o(.text.HAL_TIM_Base_MspInit)
    [Anonymous Symbol]                       0x08001e6c   Section        0  stm32g4xx_hal_tim.o(.text.HAL_TIM_Base_Start_IT)
    __arm_cp.7_1                             0x08001ecc   Number         4  stm32g4xx_hal_tim.o(.text.HAL_TIM_Base_Start_IT)
    __arm_cp.7_2                             0x08001ed0   Number         4  stm32g4xx_hal_tim.o(.text.HAL_TIM_Base_Start_IT)
    __arm_cp.7_3                             0x08001ed4   Number         4  stm32g4xx_hal_tim.o(.text.HAL_TIM_Base_Start_IT)
    __arm_cp.7_4                             0x08001ed8   Number         4  stm32g4xx_hal_tim.o(.text.HAL_TIM_Base_Start_IT)
    __arm_cp.7_5                             0x08001edc   Number         4  stm32g4xx_hal_tim.o(.text.HAL_TIM_Base_Start_IT)
    [Anonymous Symbol]                       0x08001ee0   Section        0  stm32g4xx_hal_tim.o(.text.HAL_TIM_ConfigClockSource)
    __arm_cp.96_0                            0x08001fec   Number         4  stm32g4xx_hal_tim.o(.text.HAL_TIM_ConfigClockSource)
    __arm_cp.96_1                            0x08001ff0   Number         4  stm32g4xx_hal_tim.o(.text.HAL_TIM_ConfigClockSource)
    __arm_cp.96_2                            0x08001ff4   Number         4  stm32g4xx_hal_tim.o(.text.HAL_TIM_ConfigClockSource)
    __arm_cp.96_3                            0x08001ff8   Number         4  stm32g4xx_hal_tim.o(.text.HAL_TIM_ConfigClockSource)
    __arm_cp.96_4                            0x08001ffc   Number         4  stm32g4xx_hal_tim.o(.text.HAL_TIM_ConfigClockSource)
    __arm_cp.96_5                            0x08002000   Number         4  stm32g4xx_hal_tim.o(.text.HAL_TIM_ConfigClockSource)
    [Anonymous Symbol]                       0x08002004   Section        0  main.o(.text.HAL_TIM_IC_CaptureCallback)
    __arm_cp.4_0                             0x08002038   Number         4  main.o(.text.HAL_TIM_IC_CaptureCallback)
    __arm_cp.4_1                             0x0800203c   Number         4  main.o(.text.HAL_TIM_IC_CaptureCallback)
    __arm_cp.4_2                             0x08002040   Number         4  main.o(.text.HAL_TIM_IC_CaptureCallback)
    __arm_cp.4_3                             0x08002044   Number         4  main.o(.text.HAL_TIM_IC_CaptureCallback)
    [Anonymous Symbol]                       0x08002048   Section        0  stm32g4xx_hal_tim.o(.text.HAL_TIM_IC_ConfigChannel)
    [Anonymous Symbol]                       0x0800211e   Section        0  stm32g4xx_hal_tim.o(.text.HAL_TIM_IC_Init)
    [Anonymous Symbol]                       0x0800217e   Section        0  stm32g4xx_hal_tim.o(.text.HAL_TIM_IC_MspInit)
    [Anonymous Symbol]                       0x08002180   Section        0  stm32g4xx_hal_tim.o(.text.HAL_TIM_IC_Start_IT)
    __arm_cp.43_0                            0x080022c4   Number         4  stm32g4xx_hal_tim.o(.text.HAL_TIM_IC_Start_IT)
    __arm_cp.43_1                            0x080022c8   Number         4  stm32g4xx_hal_tim.o(.text.HAL_TIM_IC_Start_IT)
    __arm_cp.43_2                            0x080022cc   Number         4  stm32g4xx_hal_tim.o(.text.HAL_TIM_IC_Start_IT)
    __arm_cp.43_3                            0x080022d0   Number         4  stm32g4xx_hal_tim.o(.text.HAL_TIM_IC_Start_IT)
    __arm_cp.43_4                            0x080022d4   Number         4  stm32g4xx_hal_tim.o(.text.HAL_TIM_IC_Start_IT)
    __arm_cp.43_5                            0x080022d8   Number         4  stm32g4xx_hal_tim.o(.text.HAL_TIM_IC_Start_IT)
    [Anonymous Symbol]                       0x080022dc   Section        0  stm32g4xx_hal_tim.o(.text.HAL_TIM_IRQHandler)
    [Anonymous Symbol]                       0x080024dc   Section        0  tim.o(.text.HAL_TIM_MspPostInit)
    __arm_cp.1_0                             0x08002524   Number         4  tim.o(.text.HAL_TIM_MspPostInit)
    [Anonymous Symbol]                       0x08002528   Section        0  stm32g4xx_hal_tim.o(.text.HAL_TIM_OC_DelayElapsedCallback)
    [Anonymous Symbol]                       0x0800252c   Section        0  stm32g4xx_hal_tim.o(.text.HAL_TIM_PWM_ConfigChannel)
    [Anonymous Symbol]                       0x080025e4   Section        0  stm32g4xx_hal_tim.o(.text.HAL_TIM_PWM_Init)
    [Anonymous Symbol]                       0x08002644   Section        0  stm32g4xx_hal_tim.o(.text.HAL_TIM_PWM_MspInit)
    [Anonymous Symbol]                       0x08002646   Section        0  stm32g4xx_hal_tim.o(.text.HAL_TIM_PWM_PulseFinishedCallback)
    [Anonymous Symbol]                       0x08002648   Section        0  stm32g4xx_hal_tim.o(.text.HAL_TIM_PWM_Start)
    __arm_cp.31_0                            0x0800273c   Number         4  stm32g4xx_hal_tim.o(.text.HAL_TIM_PWM_Start)
    __arm_cp.31_1                            0x08002740   Number         4  stm32g4xx_hal_tim.o(.text.HAL_TIM_PWM_Start)
    __arm_cp.31_2                            0x08002744   Number         4  stm32g4xx_hal_tim.o(.text.HAL_TIM_PWM_Start)
    __arm_cp.31_3                            0x08002748   Number         4  stm32g4xx_hal_tim.o(.text.HAL_TIM_PWM_Start)
    __arm_cp.31_5                            0x0800274c   Number         4  stm32g4xx_hal_tim.o(.text.HAL_TIM_PWM_Start)
    __arm_cp.31_6                            0x08002750   Number         4  stm32g4xx_hal_tim.o(.text.HAL_TIM_PWM_Start)
    [Anonymous Symbol]                       0x08002754   Section        0  main.o(.text.HAL_TIM_PeriodElapsedCallback)
    __arm_cp.3_0                             0x080029d8   Number         4  main.o(.text.HAL_TIM_PeriodElapsedCallback)
    __arm_cp.3_2                             0x080029dc   Number         4  main.o(.text.HAL_TIM_PeriodElapsedCallback)
    __arm_cp.3_3                             0x080029e0   Number         4  main.o(.text.HAL_TIM_PeriodElapsedCallback)
    __arm_cp.3_4                             0x080029e4   Number         4  main.o(.text.HAL_TIM_PeriodElapsedCallback)
    __arm_cp.3_5                             0x080029e8   Number         4  main.o(.text.HAL_TIM_PeriodElapsedCallback)
    __arm_cp.3_6                             0x080029ec   Number         4  main.o(.text.HAL_TIM_PeriodElapsedCallback)
    __arm_cp.3_7                             0x080029f0   Number         4  main.o(.text.HAL_TIM_PeriodElapsedCallback)
    __arm_cp.3_8                             0x080029f4   Number         4  main.o(.text.HAL_TIM_PeriodElapsedCallback)
    __arm_cp.3_9                             0x080029f8   Number         4  main.o(.text.HAL_TIM_PeriodElapsedCallback)
    __arm_cp.3_10                            0x080029fc   Number         4  main.o(.text.HAL_TIM_PeriodElapsedCallback)
    [Anonymous Symbol]                       0x08002a00   Section        0  stm32g4xx_hal_tim.o(.text.HAL_TIM_ReadCapturedValue)
    [Anonymous Symbol]                       0x08002a2e   Section        0  stm32g4xx_hal_tim.o(.text.HAL_TIM_TriggerCallback)
    [Anonymous Symbol]                       0x08002a30   Section        0  stm32g4xx_it.o(.text.HardFault_Handler)
    [Anonymous Symbol]                       0x08002a34   Section        0  lcd.o(.text.LCD_BusIn)
    [Anonymous Symbol]                       0x08002a54   Section        0  lcd.o(.text.LCD_BusOut)
    __arm_cp.25_0                            0x08002a78   Number         4  lcd.o(.text.LCD_BusOut)
    [Anonymous Symbol]                       0x08002a7c   Section        0  lcd.o(.text.LCD_Clear)
    [Anonymous Symbol]                       0x08002aa0   Section        0  lcd.o(.text.LCD_CtrlLinesConfig)
    __arm_cp.5_0                             0x08002b2c   Number         4  lcd.o(.text.LCD_CtrlLinesConfig)
    __arm_cp.5_1                             0x08002b30   Number         4  lcd.o(.text.LCD_CtrlLinesConfig)
    __arm_cp.5_2                             0x08002b34   Number         4  lcd.o(.text.LCD_CtrlLinesConfig)
    [Anonymous Symbol]                       0x08002b38   Section        0  lcd.o(.text.LCD_DisplayChar)
    __arm_cp.16_0                            0x08002b4c   Number         4  lcd.o(.text.LCD_DisplayChar)
    [Anonymous Symbol]                       0x08002b50   Section        0  lcd.o(.text.LCD_DisplayStringLine)
    [Anonymous Symbol]                       0x08002b78   Section        0  lcd.o(.text.LCD_DrawChar)
    [Anonymous Symbol]                       0x08002bd4   Section        0  lcd.o(.text.LCD_Init)
    __arm_cp.4_0                             0x08002c04   Number         4  lcd.o(.text.LCD_Init)
    [Anonymous Symbol]                       0x08002c08   Section        0  lcd.o(.text.LCD_ReadReg)
    __arm_cp.6_0                             0x08002c90   Number         4  lcd.o(.text.LCD_ReadReg)
    __arm_cp.6_1                             0x08002c94   Number         4  lcd.o(.text.LCD_ReadReg)
    [Anonymous Symbol]                       0x08002c98   Section        0  lcd.o(.text.LCD_SetBackColor)
    __arm_cp.8_0                             0x08002cac   Number         4  lcd.o(.text.LCD_SetBackColor)
    [Anonymous Symbol]                       0x08002cb0   Section        0  lcd.o(.text.LCD_SetCursor)
    [Anonymous Symbol]                       0x08002cc8   Section        0  lcd.o(.text.LCD_SetTextColor)
    __arm_cp.7_0                             0x08002cdc   Number         4  lcd.o(.text.LCD_SetTextColor)
    [Anonymous Symbol]                       0x08002ce0   Section        0  lcd.o(.text.LCD_WriteRAM)
    [Anonymous Symbol]                       0x08002d2c   Section        0  lcd.o(.text.LCD_WriteRAM_Prepare)
    [Anonymous Symbol]                       0x08002d7c   Section        0  lcd.o(.text.LCD_WriteReg)
    __arm_cp.2_0                             0x08002ddc   Number         4  lcd.o(.text.LCD_WriteReg)
    LL_ADC_SetChannelSamplingTime            0x08002de1   Thumb Code    32  stm32g4xx_hal_adc.o(.text.LL_ADC_SetChannelSamplingTime)
    [Anonymous Symbol]                       0x08002de0   Section        0  stm32g4xx_hal_adc.o(.text.LL_ADC_SetChannelSamplingTime)
    [Anonymous Symbol]                       0x08002e00   Section        0  adc.o(.text.MX_ADC2_Init)
    __arm_cp.0_0                             0x08002e6c   Number         4  adc.o(.text.MX_ADC2_Init)
    __arm_cp.0_1                             0x08002e70   Number         4  adc.o(.text.MX_ADC2_Init)
    __arm_cp.0_2                             0x08002e74   Number         4  adc.o(.text.MX_ADC2_Init)
    [Anonymous Symbol]                       0x08002e78   Section        0  gpio.o(.text.MX_GPIO_Init)
    __arm_cp.0_0                             0x08002f98   Number         4  gpio.o(.text.MX_GPIO_Init)
    __arm_cp.0_1                             0x08002f9c   Number         4  gpio.o(.text.MX_GPIO_Init)
    __arm_cp.0_2                             0x08002fa0   Number         4  gpio.o(.text.MX_GPIO_Init)
    __arm_cp.0_3                             0x08002fa4   Number         4  gpio.o(.text.MX_GPIO_Init)
    [Anonymous Symbol]                       0x08002fa8   Section        0  tim.o(.text.MX_TIM15_Init)
    __arm_cp.3_0                             0x0800300c   Number         4  tim.o(.text.MX_TIM15_Init)
    __arm_cp.3_1                             0x08003010   Number         4  tim.o(.text.MX_TIM15_Init)
    [Anonymous Symbol]                       0x08003014   Section        0  tim.o(.text.MX_TIM16_Init)
    __arm_cp.4_0                             0x08003044   Number         4  tim.o(.text.MX_TIM16_Init)
    __arm_cp.4_1                             0x08003048   Number         4  tim.o(.text.MX_TIM16_Init)
    [Anonymous Symbol]                       0x0800304c   Section        0  tim.o(.text.MX_TIM17_Init)
    __arm_cp.5_0                             0x0800307c   Number         4  tim.o(.text.MX_TIM17_Init)
    __arm_cp.5_1                             0x08003080   Number         4  tim.o(.text.MX_TIM17_Init)
    [Anonymous Symbol]                       0x08003084   Section        0  tim.o(.text.MX_TIM2_Init)
    __arm_cp.0_0                             0x0800311c   Number         4  tim.o(.text.MX_TIM2_Init)
    [Anonymous Symbol]                       0x08003120   Section        0  tim.o(.text.MX_TIM3_Init)
    __arm_cp.2_1                             0x080031b0   Number         4  tim.o(.text.MX_TIM3_Init)
    [Anonymous Symbol]                       0x080031b4   Section        0  stm32g4xx_it.o(.text.MemManage_Handler)
    [Anonymous Symbol]                       0x080031b6   Section        0  stm32g4xx_it.o(.text.NMI_Handler)
    [Anonymous Symbol]                       0x080031b8   Section        0  stm32g4xx_it.o(.text.PendSV_Handler)
    [Anonymous Symbol]                       0x080031bc   Section        0  lcd.o(.text.REG_8230_Init)
    __arm_cp.1_1                             0x080032a4   Number         4  lcd.o(.text.REG_8230_Init)
    [Anonymous Symbol]                       0x080032a8   Section        0  lcd.o(.text.REG_932X_Init)
    __arm_cp.3_0                             0x08003438   Number         4  lcd.o(.text.REG_932X_Init)
    __arm_cp.3_1                             0x0800343c   Number         4  lcd.o(.text.REG_932X_Init)
    [Anonymous Symbol]                       0x08003440   Section        0  stm32g4xx_it.o(.text.SVC_Handler)
    [Anonymous Symbol]                       0x08003442   Section        0  stm32g4xx_it.o(.text.SysTick_Handler)
    [Anonymous Symbol]                       0x08003446   Section        0  main.o(.text.SystemClock_Config)
    [Anonymous Symbol]                       0x080034dc   Section        0  system_stm32g4xx.o(.text.SystemInit)
    __arm_cp.0_0                             0x080034e8   Number         4  system_stm32g4xx.o(.text.SystemInit)
    [Anonymous Symbol]                       0x080034ec   Section        0  stm32g4xx_it.o(.text.TIM1_BRK_TIM15_IRQHandler)
    __arm_cp.9_0                             0x080034f4   Number         4  stm32g4xx_it.o(.text.TIM1_BRK_TIM15_IRQHandler)
    [Anonymous Symbol]                       0x080034f8   Section        0  stm32g4xx_it.o(.text.TIM1_TRG_COM_TIM17_IRQHandler)
    __arm_cp.11_0                            0x08003500   Number         4  stm32g4xx_it.o(.text.TIM1_TRG_COM_TIM17_IRQHandler)
    [Anonymous Symbol]                       0x08003504   Section        0  stm32g4xx_it.o(.text.TIM1_UP_TIM16_IRQHandler)
    __arm_cp.10_0                            0x0800350c   Number         4  stm32g4xx_it.o(.text.TIM1_UP_TIM16_IRQHandler)
    [Anonymous Symbol]                       0x08003510   Section        0  stm32g4xx_it.o(.text.TIM3_IRQHandler)
    __arm_cp.12_0                            0x08003518   Number         4  stm32g4xx_it.o(.text.TIM3_IRQHandler)
    [Anonymous Symbol]                       0x0800351c   Section        0  stm32g4xx_hal_tim.o(.text.TIM_Base_SetConfig)
    __arm_cp.2_0                             0x080035ec   Number         4  stm32g4xx_hal_tim.o(.text.TIM_Base_SetConfig)
    __arm_cp.2_1                             0x080035f0   Number         4  stm32g4xx_hal_tim.o(.text.TIM_Base_SetConfig)
    __arm_cp.2_2                             0x080035f4   Number         4  stm32g4xx_hal_tim.o(.text.TIM_Base_SetConfig)
    __arm_cp.2_3                             0x080035f8   Number         4  stm32g4xx_hal_tim.o(.text.TIM_Base_SetConfig)
    __arm_cp.2_5                             0x080035fc   Number         4  stm32g4xx_hal_tim.o(.text.TIM_Base_SetConfig)
    __arm_cp.2_6                             0x08003600   Number         4  stm32g4xx_hal_tim.o(.text.TIM_Base_SetConfig)
    [Anonymous Symbol]                       0x08003604   Section        0  stm32g4xx_hal_tim.o(.text.TIM_CCxChannelCmd)
    TIM_OC1_SetConfig                        0x08003625   Thumb Code   112  stm32g4xx_hal_tim.o(.text.TIM_OC1_SetConfig)
    [Anonymous Symbol]                       0x08003624   Section        0  stm32g4xx_hal_tim.o(.text.TIM_OC1_SetConfig)
    [Anonymous Symbol]                       0x0800368c   Section        0  stm32g4xx_hal_tim.o(.text.TIM_OC2_SetConfig)
    TIM_OC3_SetConfig                        0x080036fd   Thumb Code   120  stm32g4xx_hal_tim.o(.text.TIM_OC3_SetConfig)
    [Anonymous Symbol]                       0x080036fc   Section        0  stm32g4xx_hal_tim.o(.text.TIM_OC3_SetConfig)
    __arm_cp.76_0                            0x0800376c   Number         4  stm32g4xx_hal_tim.o(.text.TIM_OC3_SetConfig)
    TIM_OC4_SetConfig                        0x08003771   Thumb Code   120  stm32g4xx_hal_tim.o(.text.TIM_OC4_SetConfig)
    [Anonymous Symbol]                       0x08003770   Section        0  stm32g4xx_hal_tim.o(.text.TIM_OC4_SetConfig)
    __arm_cp.77_0                            0x080037e0   Number         4  stm32g4xx_hal_tim.o(.text.TIM_OC4_SetConfig)
    TIM_OC5_SetConfig                        0x080037e5   Thumb Code    96  stm32g4xx_hal_tim.o(.text.TIM_OC5_SetConfig)
    [Anonymous Symbol]                       0x080037e4   Section        0  stm32g4xx_hal_tim.o(.text.TIM_OC5_SetConfig)
    __arm_cp.78_0                            0x0800383c   Number         4  stm32g4xx_hal_tim.o(.text.TIM_OC5_SetConfig)
    TIM_OC6_SetConfig                        0x08003841   Thumb Code    96  stm32g4xx_hal_tim.o(.text.TIM_OC6_SetConfig)
    [Anonymous Symbol]                       0x08003840   Section        0  stm32g4xx_hal_tim.o(.text.TIM_OC6_SetConfig)
    __arm_cp.79_0                            0x08003898   Number         4  stm32g4xx_hal_tim.o(.text.TIM_OC6_SetConfig)
    __arm_cp.79_1                            0x0800389c   Number         4  stm32g4xx_hal_tim.o(.text.TIM_OC6_SetConfig)
    TIM_TI1_ConfigInputStage                 0x080038a1   Thumb Code    34  stm32g4xx_hal_tim.o(.text.TIM_TI1_ConfigInputStage)
    [Anonymous Symbol]                       0x080038a0   Section        0  stm32g4xx_hal_tim.o(.text.TIM_TI1_ConfigInputStage)
    [Anonymous Symbol]                       0x080038c4   Section        0  stm32g4xx_hal_tim.o(.text.TIM_TI1_SetConfig)
    __arm_cp.81_0                            0x08003920   Number         4  stm32g4xx_hal_tim.o(.text.TIM_TI1_SetConfig)
    __arm_cp.81_1                            0x08003924   Number         4  stm32g4xx_hal_tim.o(.text.TIM_TI1_SetConfig)
    __arm_cp.81_2                            0x08003928   Number         4  stm32g4xx_hal_tim.o(.text.TIM_TI1_SetConfig)
    __arm_cp.81_3                            0x0800392c   Number         4  stm32g4xx_hal_tim.o(.text.TIM_TI1_SetConfig)
    __arm_cp.81_4                            0x08003930   Number         4  stm32g4xx_hal_tim.o(.text.TIM_TI1_SetConfig)
    TIM_TI2_ConfigInputStage                 0x08003935   Thumb Code    34  stm32g4xx_hal_tim.o(.text.TIM_TI2_ConfigInputStage)
    [Anonymous Symbol]                       0x08003934   Section        0  stm32g4xx_hal_tim.o(.text.TIM_TI2_ConfigInputStage)
    TIM_TI2_SetConfig                        0x08003957   Thumb Code    56  stm32g4xx_hal_tim.o(.text.TIM_TI2_SetConfig)
    [Anonymous Symbol]                       0x08003956   Section        0  stm32g4xx_hal_tim.o(.text.TIM_TI2_SetConfig)
    [Anonymous Symbol]                       0x0800398e   Section        0  stm32g4xx_it.o(.text.UsageFault_Handler)
    __NVIC_SetPriority                       0x08003991   Thumb Code    36  stm32g4xx_hal_cortex.o(.text.__NVIC_SetPriority)
    [Anonymous Symbol]                       0x08003990   Section        0  stm32g4xx_hal_cortex.o(.text.__NVIC_SetPriority)
    __arm_cp.2_0                             0x080039ac   Number         4  stm32g4xx_hal_cortex.o(.text.__NVIC_SetPriority)
    __arm_cp.2_1                             0x080039b0   Number         4  stm32g4xx_hal_cortex.o(.text.__NVIC_SetPriority)
    [Anonymous Symbol]                       0x080039b8   Section        0  main.o(.text.main)
    __arm_cp.0_1                             0x080044f8   Number         4  main.o(.text.main)
    __arm_cp.0_2                             0x080044fc   Number         4  main.o(.text.main)
    __arm_cp.0_3                             0x08004500   Number         4  main.o(.text.main)
    __arm_cp.0_4                             0x08004504   Number         4  main.o(.text.main)
    __arm_cp.0_5                             0x08004508   Number         4  main.o(.text.main)
    __arm_cp.0_6                             0x0800450c   Number         4  main.o(.text.main)
    __arm_cp.0_7                             0x08004510   Number         4  main.o(.text.main)
    __arm_cp.0_8                             0x08004514   Number         4  main.o(.text.main)
    __arm_cp.0_9                             0x08004518   Number         4  main.o(.text.main)
    __arm_cp.0_12                            0x0800454c   Number         4  main.o(.text.main)
    __arm_cp.0_13                            0x08004550   Number         4  main.o(.text.main)
    __arm_cp.0_14                            0x08004554   Number         4  main.o(.text.main)
    __arm_cp.0_22                            0x08004558   Number         4  main.o(.text.main)
    __arm_cp.0_25                            0x0800455c   Number         4  main.o(.text.main)
    __arm_cp.0_26                            0x08004560   Number         4  main.o(.text.main)
    __arm_cp.0_30                            0x080045ac   Number         4  main.o(.text.main)
    __arm_cp.0_32                            0x080045c4   Number         4  main.o(.text.main)
    __arm_cp.0_33                            0x080045c8   Number         4  main.o(.text.main)
    __arm_cp.0_34                            0x080045cc   Number         4  main.o(.text.main)
    __arm_cp.0_35                            0x080045d0   Number         4  main.o(.text.main)
    __arm_cp.0_36                            0x080045d4   Number         4  main.o(.text.main)
    i.__0sprintf                             0x080045d8   Section        0  printfa.o(i.__0sprintf)
    i.__scatterload_copy                     0x08004600   Section       14  handlers.o(i.__scatterload_copy)
    i.__scatterload_null                     0x0800460e   Section        2  handlers.o(i.__scatterload_null)
    i.__scatterload_zeroinit                 0x08004610   Section       14  handlers.o(i.__scatterload_zeroinit)
    _fp_digits                               0x08004621   Thumb Code   366  printfa.o(i._fp_digits)
    i._fp_digits                             0x08004620   Section        0  printfa.o(i._fp_digits)
    _printf_core                             0x080047a5   Thumb Code  1744  printfa.o(i._printf_core)
    i._printf_core                           0x080047a4   Section        0  printfa.o(i._printf_core)
    _printf_post_padding                     0x08004e81   Thumb Code    36  printfa.o(i._printf_post_padding)
    i._printf_post_padding                   0x08004e80   Section        0  printfa.o(i._printf_post_padding)
    _printf_pre_padding                      0x08004ea5   Thumb Code    46  printfa.o(i._printf_pre_padding)
    i._printf_pre_padding                    0x08004ea4   Section        0  printfa.o(i._printf_pre_padding)
    _sputc                                   0x08004ed3   Thumb Code    10  printfa.o(i._sputc)
    i._sputc                                 0x08004ed2   Section        0  printfa.o(i._sputc)
    .L.str.11                                0x080060bc   Data          21  main.o(.rodata.str1.1)
    [Anonymous Symbol]                       0x080060bc   Section        0  main.o(.rodata.str1.1)
    .L.str.5                                 0x080060d1   Data          17  main.o(.rodata.str1.1)
    .L.str.12                                0x080060e2   Data          18  main.o(.rodata.str1.1)
    .L.str.13                                0x080060f4   Data          18  main.o(.rodata.str1.1)
    .L.str.4                                 0x08006108   Data          21  main.o(.rodata.str1.4)
    [Anonymous Symbol]                       0x08006108   Section        0  main.o(.rodata.str1.4)
    .L.str.1                                 0x08006120   Data          21  main.o(.rodata.str1.4)
    .L.str                                   0x08006138   Data          21  main.o(.rodata.str1.4)
    .L.str.10                                0x08006150   Data          21  main.o(.rodata.str1.4)
    [Anonymous Symbol]                       0x20000000   Section        0  main.o(.data..L_MergedGlobals)
    [Anonymous Symbol]                       0x2000000c   Section        0  stm32g4xx_hal.o(.data..L_MergedGlobals)
    BackColor                                0x20000014   Data           2  lcd.o(.data.BackColor)
    [Anonymous Symbol]                       0x20000014   Section        0  lcd.o(.data.BackColor)
    [Anonymous Symbol]                       0x20000020   Section        0  main.o(.bss..L_MergedGlobals.14)
    TextColor                                0x20000076   Data           2  lcd.o(.bss.TextColor)
    [Anonymous Symbol]                       0x20000076   Section        0  lcd.o(.bss.TextColor)
    STACK                                    0x20000298   Section     1024  startup_stm32g431xx.o(STACK)

    Global Symbols

    Symbol Name                              Value     Ov Type        Size  Object(Section)

    BuildAttributes$$THM_ISAv4$E$P$D$K$B$S$7EM$VFPi3$EXTD16$VFPS$VFMA$PE$A:L22UL41UL21$X:L11$S22US41US21$IEEE1$IW$~IW$USESV6$~STKCKD$USESV7$~SHL$OTIME$ROPI$EBA8$MICROLIB$REQ8$PRES8$EABIv2 0x00000000   Number         0  anon$$obj.o ABSOLUTE
    _printf_a                                0x00000000   Number         0  stubs.o ABSOLUTE
    _printf_c                                0x00000000   Number         0  stubs.o ABSOLUTE
    _printf_charcount                        0x00000000   Number         0  stubs.o ABSOLUTE
    _printf_d                                0x00000000   Number         0  stubs.o ABSOLUTE
    _printf_e                                0x00000000   Number         0  stubs.o ABSOLUTE
    _printf_f                                0x00000000   Number         0  stubs.o ABSOLUTE
    _printf_flags                            0x00000000   Number         0  stubs.o ABSOLUTE
    _printf_fp_dec                           0x00000000   Number         0  stubs.o ABSOLUTE
    _printf_fp_hex                           0x00000000   Number         0  stubs.o ABSOLUTE
    _printf_g                                0x00000000   Number         0  stubs.o ABSOLUTE
    _printf_i                                0x00000000   Number         0  stubs.o ABSOLUTE
    _printf_int_dec                          0x00000000   Number         0  stubs.o ABSOLUTE
    _printf_l                                0x00000000   Number         0  stubs.o ABSOLUTE
    _printf_lc                               0x00000000   Number         0  stubs.o ABSOLUTE
    _printf_ll                               0x00000000   Number         0  stubs.o ABSOLUTE
    _printf_lld                              0x00000000   Number         0  stubs.o ABSOLUTE
    _printf_lli                              0x00000000   Number         0  stubs.o ABSOLUTE
    _printf_llo                              0x00000000   Number         0  stubs.o ABSOLUTE
    _printf_llu                              0x00000000   Number         0  stubs.o ABSOLUTE
    _printf_llx                              0x00000000   Number         0  stubs.o ABSOLUTE
    _printf_longlong_dec                     0x00000000   Number         0  stubs.o ABSOLUTE
    _printf_longlong_hex                     0x00000000   Number         0  stubs.o ABSOLUTE
    _printf_longlong_oct                     0x00000000   Number         0  stubs.o ABSOLUTE
    _printf_ls                               0x00000000   Number         0  stubs.o ABSOLUTE
    _printf_mbtowc                           0x00000000   Number         0  stubs.o ABSOLUTE
    _printf_n                                0x00000000   Number         0  stubs.o ABSOLUTE
    _printf_o                                0x00000000   Number         0  stubs.o ABSOLUTE
    _printf_p                                0x00000000   Number         0  stubs.o ABSOLUTE
    _printf_percent                          0x00000000   Number         0  stubs.o ABSOLUTE
    _printf_pre_padding                      0x00000000   Number         0  stubs.o ABSOLUTE
    _printf_return_value                     0x00000000   Number         0  stubs.o ABSOLUTE
    _printf_s                                0x00000000   Number         0  stubs.o ABSOLUTE
    _printf_sizespec                         0x00000000   Number         0  stubs.o ABSOLUTE
    _printf_str                              0x00000000   Number         0  stubs.o ABSOLUTE
    _printf_truncate_signed                  0x00000000   Number         0  stubs.o ABSOLUTE
    _printf_truncate_unsigned                0x00000000   Number         0  stubs.o ABSOLUTE
    _printf_u                                0x00000000   Number         0  stubs.o ABSOLUTE
    _printf_wc                               0x00000000   Number         0  stubs.o ABSOLUTE
    _printf_wctomb                           0x00000000   Number         0  stubs.o ABSOLUTE
    _printf_widthprec                        0x00000000   Number         0  stubs.o ABSOLUTE
    _printf_x                                0x00000000   Number         0  stubs.o ABSOLUTE
    __cpp_initialize__aeabi_                  - Undefined Weak Reference
    __cxa_finalize                            - Undefined Weak Reference
    __decompress                              - Undefined Weak Reference
    _clock_init                               - Undefined Weak Reference
    _microlib_exit                            - Undefined Weak Reference
    __Vectors_Size                           0x000001d8   Number         0  startup_stm32g431xx.o ABSOLUTE
    __Vectors                                0x08000000   Data           4  startup_stm32g431xx.o(RESET)
    __Vectors_End                            0x080001d8   Data           0  startup_stm32g431xx.o(RESET)
    __main                                   0x080001d9   Thumb Code     0  entry.o(.ARM.Collect$$$$00000000)
    _main_stk                                0x080001d9   Thumb Code     0  entry2.o(.ARM.Collect$$$$00000001)
    _main_scatterload                        0x080001dd   Thumb Code     0  entry5.o(.ARM.Collect$$$$00000004)
    __main_after_scatterload                 0x080001e1   Thumb Code     0  entry5.o(.ARM.Collect$$$$00000004)
    _main_clock                              0x080001e1   Thumb Code     0  entry7b.o(.ARM.Collect$$$$00000008)
    _main_cpp_init                           0x080001e1   Thumb Code     0  entry8b.o(.ARM.Collect$$$$0000000A)
    _main_init                               0x080001e1   Thumb Code     0  entry9a.o(.ARM.Collect$$$$0000000B)
    __rt_final_cpp                           0x080001e9   Thumb Code     0  entry10a.o(.ARM.Collect$$$$0000000D)
    __rt_final_exit                          0x080001e9   Thumb Code     0  entry11a.o(.ARM.Collect$$$$0000000F)
    Reset_Handler                            0x080001ed   Thumb Code     8  startup_stm32g431xx.o(.text)
    ADC1_2_IRQHandler                        0x08000207   Thumb Code     0  startup_stm32g431xx.o(.text)
    COMP1_2_3_IRQHandler                     0x08000207   Thumb Code     0  startup_stm32g431xx.o(.text)
    COMP4_IRQHandler                         0x08000207   Thumb Code     0  startup_stm32g431xx.o(.text)
    CORDIC_IRQHandler                        0x08000207   Thumb Code     0  startup_stm32g431xx.o(.text)
    CRS_IRQHandler                           0x08000207   Thumb Code     0  startup_stm32g431xx.o(.text)
    DMA1_Channel1_IRQHandler                 0x08000207   Thumb Code     0  startup_stm32g431xx.o(.text)
    DMA1_Channel2_IRQHandler                 0x08000207   Thumb Code     0  startup_stm32g431xx.o(.text)
    DMA1_Channel3_IRQHandler                 0x08000207   Thumb Code     0  startup_stm32g431xx.o(.text)
    DMA1_Channel4_IRQHandler                 0x08000207   Thumb Code     0  startup_stm32g431xx.o(.text)
    DMA1_Channel5_IRQHandler                 0x08000207   Thumb Code     0  startup_stm32g431xx.o(.text)
    DMA1_Channel6_IRQHandler                 0x08000207   Thumb Code     0  startup_stm32g431xx.o(.text)
    DMA2_Channel1_IRQHandler                 0x08000207   Thumb Code     0  startup_stm32g431xx.o(.text)
    DMA2_Channel2_IRQHandler                 0x08000207   Thumb Code     0  startup_stm32g431xx.o(.text)
    DMA2_Channel3_IRQHandler                 0x08000207   Thumb Code     0  startup_stm32g431xx.o(.text)
    DMA2_Channel4_IRQHandler                 0x08000207   Thumb Code     0  startup_stm32g431xx.o(.text)
    DMA2_Channel5_IRQHandler                 0x08000207   Thumb Code     0  startup_stm32g431xx.o(.text)
    DMA2_Channel6_IRQHandler                 0x08000207   Thumb Code     0  startup_stm32g431xx.o(.text)
    DMAMUX_OVR_IRQHandler                    0x08000207   Thumb Code     0  startup_stm32g431xx.o(.text)
    EXTI0_IRQHandler                         0x08000207   Thumb Code     0  startup_stm32g431xx.o(.text)
    EXTI15_10_IRQHandler                     0x08000207   Thumb Code     0  startup_stm32g431xx.o(.text)
    EXTI1_IRQHandler                         0x08000207   Thumb Code     0  startup_stm32g431xx.o(.text)
    EXTI2_IRQHandler                         0x08000207   Thumb Code     0  startup_stm32g431xx.o(.text)
    EXTI3_IRQHandler                         0x08000207   Thumb Code     0  startup_stm32g431xx.o(.text)
    EXTI4_IRQHandler                         0x08000207   Thumb Code     0  startup_stm32g431xx.o(.text)
    EXTI9_5_IRQHandler                       0x08000207   Thumb Code     0  startup_stm32g431xx.o(.text)
    FDCAN1_IT0_IRQHandler                    0x08000207   Thumb Code     0  startup_stm32g431xx.o(.text)
    FDCAN1_IT1_IRQHandler                    0x08000207   Thumb Code     0  startup_stm32g431xx.o(.text)
    FLASH_IRQHandler                         0x08000207   Thumb Code     0  startup_stm32g431xx.o(.text)
    FMAC_IRQHandler                          0x08000207   Thumb Code     0  startup_stm32g431xx.o(.text)
    FPU_IRQHandler                           0x08000207   Thumb Code     0  startup_stm32g431xx.o(.text)
    I2C1_ER_IRQHandler                       0x08000207   Thumb Code     0  startup_stm32g431xx.o(.text)
    I2C1_EV_IRQHandler                       0x08000207   Thumb Code     0  startup_stm32g431xx.o(.text)
    I2C2_ER_IRQHandler                       0x08000207   Thumb Code     0  startup_stm32g431xx.o(.text)
    I2C2_EV_IRQHandler                       0x08000207   Thumb Code     0  startup_stm32g431xx.o(.text)
    I2C3_ER_IRQHandler                       0x08000207   Thumb Code     0  startup_stm32g431xx.o(.text)
    I2C3_EV_IRQHandler                       0x08000207   Thumb Code     0  startup_stm32g431xx.o(.text)
    LPTIM1_IRQHandler                        0x08000207   Thumb Code     0  startup_stm32g431xx.o(.text)
    LPUART1_IRQHandler                       0x08000207   Thumb Code     0  startup_stm32g431xx.o(.text)
    PVD_PVM_IRQHandler                       0x08000207   Thumb Code     0  startup_stm32g431xx.o(.text)
    RCC_IRQHandler                           0x08000207   Thumb Code     0  startup_stm32g431xx.o(.text)
    RNG_IRQHandler                           0x08000207   Thumb Code     0  startup_stm32g431xx.o(.text)
    RTC_Alarm_IRQHandler                     0x08000207   Thumb Code     0  startup_stm32g431xx.o(.text)
    RTC_TAMP_LSECSS_IRQHandler               0x08000207   Thumb Code     0  startup_stm32g431xx.o(.text)
    RTC_WKUP_IRQHandler                      0x08000207   Thumb Code     0  startup_stm32g431xx.o(.text)
    SAI1_IRQHandler                          0x08000207   Thumb Code     0  startup_stm32g431xx.o(.text)
    SPI1_IRQHandler                          0x08000207   Thumb Code     0  startup_stm32g431xx.o(.text)
    SPI2_IRQHandler                          0x08000207   Thumb Code     0  startup_stm32g431xx.o(.text)
    SPI3_IRQHandler                          0x08000207   Thumb Code     0  startup_stm32g431xx.o(.text)
    TIM1_CC_IRQHandler                       0x08000207   Thumb Code     0  startup_stm32g431xx.o(.text)
    TIM2_IRQHandler                          0x08000207   Thumb Code     0  startup_stm32g431xx.o(.text)
    TIM4_IRQHandler                          0x08000207   Thumb Code     0  startup_stm32g431xx.o(.text)
    TIM6_DAC_IRQHandler                      0x08000207   Thumb Code     0  startup_stm32g431xx.o(.text)
    TIM7_IRQHandler                          0x08000207   Thumb Code     0  startup_stm32g431xx.o(.text)
    TIM8_BRK_IRQHandler                      0x08000207   Thumb Code     0  startup_stm32g431xx.o(.text)
    TIM8_CC_IRQHandler                       0x08000207   Thumb Code     0  startup_stm32g431xx.o(.text)
    TIM8_TRG_COM_IRQHandler                  0x08000207   Thumb Code     0  startup_stm32g431xx.o(.text)
    TIM8_UP_IRQHandler                       0x08000207   Thumb Code     0  startup_stm32g431xx.o(.text)
    UART4_IRQHandler                         0x08000207   Thumb Code     0  startup_stm32g431xx.o(.text)
    UCPD1_IRQHandler                         0x08000207   Thumb Code     0  startup_stm32g431xx.o(.text)
    USART1_IRQHandler                        0x08000207   Thumb Code     0  startup_stm32g431xx.o(.text)
    USART2_IRQHandler                        0x08000207   Thumb Code     0  startup_stm32g431xx.o(.text)
    USART3_IRQHandler                        0x08000207   Thumb Code     0  startup_stm32g431xx.o(.text)
    USBWakeUp_IRQHandler                     0x08000207   Thumb Code     0  startup_stm32g431xx.o(.text)
    USB_HP_IRQHandler                        0x08000207   Thumb Code     0  startup_stm32g431xx.o(.text)
    USB_LP_IRQHandler                        0x08000207   Thumb Code     0  startup_stm32g431xx.o(.text)
    WWDG_IRQHandler                          0x08000207   Thumb Code     0  startup_stm32g431xx.o(.text)
    __aeabi_memset                           0x08000211   Thumb Code    14  memseta.o(.text)
    __aeabi_memset4                          0x08000211   Thumb Code     0  memseta.o(.text)
    __aeabi_memset8                          0x08000211   Thumb Code     0  memseta.o(.text)
    __aeabi_memclr                           0x0800021f   Thumb Code     4  memseta.o(.text)
    __aeabi_memclr4                          0x0800021f   Thumb Code     0  memseta.o(.text)
    __aeabi_memclr8                          0x0800021f   Thumb Code     0  memseta.o(.text)
    _memset$wrapper                          0x08000223   Thumb Code    18  memseta.o(.text)
    __aeabi_dadd                             0x08000235   Thumb Code   322  dadd.o(.text)
    __aeabi_dsub                             0x08000377   Thumb Code     6  dadd.o(.text)
    __aeabi_drsub                            0x0800037d   Thumb Code     6  dadd.o(.text)
    __aeabi_dmul                             0x08000383   Thumb Code   228  dmul.o(.text)
    __aeabi_ddiv                             0x08000467   Thumb Code   222  ddiv.o(.text)
    __aeabi_dcmple                           0x08000545   Thumb Code    54  dcmple.o(.text)
    __aeabi_dcmpge                           0x0800057b   Thumb Code    54  dcmpge.o(.text)
    __aeabi_ui2d                             0x080005b1   Thumb Code    26  dfltui.o(.text)
    __aeabi_d2uiz                            0x080005cb   Thumb Code    50  dfixui.o(.text)
    __aeabi_f2d                              0x080005fd   Thumb Code    38  f2d.o(.text)
    __aeabi_d2f                              0x08000623   Thumb Code    56  d2f.o(.text)
    __aeabi_uidiv                            0x0800065b   Thumb Code     0  uidiv.o(.text)
    __aeabi_uidivmod                         0x0800065b   Thumb Code    44  uidiv.o(.text)
    __aeabi_uldivmod                         0x08000687   Thumb Code    98  uldiv.o(.text)
    __aeabi_llsl                             0x080006e9   Thumb Code    30  llshl.o(.text)
    _ll_shift_l                              0x080006e9   Thumb Code     0  llshl.o(.text)
    __aeabi_llsr                             0x08000707   Thumb Code    32  llushr.o(.text)
    _ll_ushift_r                             0x08000707   Thumb Code     0  llushr.o(.text)
    __aeabi_lasr                             0x08000727   Thumb Code    36  llsshr.o(.text)
    _ll_sshift_r                             0x08000727   Thumb Code     0  llsshr.o(.text)
    __I$use$fp                               0x0800074b   Thumb Code     0  iusefp.o(.text)
    _float_round                             0x0800074b   Thumb Code    18  fepilogue.o(.text)
    _float_epilogue                          0x0800075d   Thumb Code    92  fepilogue.o(.text)
    _double_round                            0x080007b9   Thumb Code    30  depilogue.o(.text)
    _double_epilogue                         0x080007d7   Thumb Code   156  depilogue.o(.text)
    __aeabi_d2ulz                            0x08000873   Thumb Code    48  dfixul.o(.text)
    __aeabi_cdrcmple                         0x080008a5   Thumb Code    48  cdrcmple.o(.text)
    __scatterload                            0x080008d5   Thumb Code    28  init.o(.text)
    __scatterload_rt2                        0x080008d5   Thumb Code     0  init.o(.text)
    ADC_Enable                               0x080008f9   Thumb Code   112  stm32g4xx_hal_adc.o(.text.ADC_Enable)
    BusFault_Handler                         0x08000969   Thumb Code     2  stm32g4xx_it.o(.text.BusFault_Handler)
    DebugMon_Handler                         0x0800096b   Thumb Code     2  stm32g4xx_it.o(.text.DebugMon_Handler)
    Error_Handler                            0x0800096d   Thumb Code     8  main.o(.text.Error_Handler)
    HAL_ADC_ConfigChannel                    0x08000975   Thumb Code   868  stm32g4xx_hal_adc.o(.text.HAL_ADC_ConfigChannel)
    HAL_ADC_GetValue                         0x08000cd1   Thumb Code     6  stm32g4xx_hal_adc.o(.text.HAL_ADC_GetValue)
    HAL_ADC_Init                             0x08000cd9   Thumb Code   472  stm32g4xx_hal_adc.o(.text.HAL_ADC_Init)
    HAL_ADC_MspInit                          0x08000eb1   Thumb Code   100  adc.o(.text.HAL_ADC_MspInit)
    HAL_ADC_Start                            0x08000f11   Thumb Code   212  stm32g4xx_hal_adc.o(.text.HAL_ADC_Start)
    HAL_Delay                                0x08000fe5   Thumb Code    36  stm32g4xx_hal.o(.text.HAL_Delay)
    HAL_GPIO_Init                            0x08001005   Thumb Code   388  stm32g4xx_hal_gpio.o(.text.HAL_GPIO_Init)
    HAL_GPIO_ReadPin                         0x08001189   Thumb Code    10  stm32g4xx_hal_gpio.o(.text.HAL_GPIO_ReadPin)
    HAL_GPIO_WritePin                        0x08001193   Thumb Code    12  stm32g4xx_hal_gpio.o(.text.HAL_GPIO_WritePin)
    HAL_GetTick                              0x080011a1   Thumb Code    12  stm32g4xx_hal.o(.text.HAL_GetTick)
    HAL_IncTick                              0x080011a9   Thumb Code    24  stm32g4xx_hal.o(.text.HAL_IncTick)
    HAL_Init                                 0x080011bd   Thumb Code    28  stm32g4xx_hal.o(.text.HAL_Init)
    HAL_InitTick                             0x080011d9   Thumb Code    72  stm32g4xx_hal.o(.text.HAL_InitTick)
    HAL_MspInit                              0x0800121d   Thumb Code    52  stm32g4xx_hal_msp.o(.text.HAL_MspInit)
    HAL_NVIC_EnableIRQ                       0x08001251   Thumb Code    28  stm32g4xx_hal_cortex.o(.text.HAL_NVIC_EnableIRQ)
    HAL_NVIC_SetPriority                     0x0800126d   Thumb Code    64  stm32g4xx_hal_cortex.o(.text.HAL_NVIC_SetPriority)
    HAL_NVIC_SetPriorityGrouping             0x080012a9   Thumb Code    32  stm32g4xx_hal_cortex.o(.text.HAL_NVIC_SetPriorityGrouping)
    HAL_PWREx_ControlVoltageScaling          0x080012c9   Thumb Code   176  stm32g4xx_hal_pwr_ex.o(.text.HAL_PWREx_ControlVoltageScaling)
    HAL_PWREx_DisableUCPDDeadBattery         0x08001375   Thumb Code    16  stm32g4xx_hal_pwr_ex.o(.text.HAL_PWREx_DisableUCPDDeadBattery)
    HAL_RCCEx_PeriphCLKConfig                0x08001385   Thumb Code   560  stm32g4xx_hal_rcc_ex.o(.text.HAL_RCCEx_PeriphCLKConfig)
    HAL_RCC_ClockConfig                      0x080015b5   Thumb Code   496  stm32g4xx_hal_rcc.o(.text.HAL_RCC_ClockConfig)
    HAL_RCC_GetSysClockFreq                  0x0800179d   Thumb Code   108  stm32g4xx_hal_rcc.o(.text.HAL_RCC_GetSysClockFreq)
    HAL_RCC_OscConfig                        0x08001809   Thumb Code  1084  stm32g4xx_hal_rcc.o(.text.HAL_RCC_OscConfig)
    HAL_SYSTICK_Config                       0x08001c45   Thumb Code    40  stm32g4xx_hal_cortex.o(.text.HAL_SYSTICK_Config)
    HAL_TIMEx_Break2Callback                 0x08001c6d   Thumb Code     2  stm32g4xx_hal_tim_ex.o(.text.HAL_TIMEx_Break2Callback)
    HAL_TIMEx_BreakCallback                  0x08001c6f   Thumb Code     2  stm32g4xx_hal_tim_ex.o(.text.HAL_TIMEx_BreakCallback)
    HAL_TIMEx_CommutCallback                 0x08001c71   Thumb Code     2  stm32g4xx_hal_tim_ex.o(.text.HAL_TIMEx_CommutCallback)
    HAL_TIMEx_DirectionChangeCallback        0x08001c73   Thumb Code     2  stm32g4xx_hal_tim_ex.o(.text.HAL_TIMEx_DirectionChangeCallback)
    HAL_TIMEx_EncoderIndexCallback           0x08001c75   Thumb Code     2  stm32g4xx_hal_tim_ex.o(.text.HAL_TIMEx_EncoderIndexCallback)
    HAL_TIMEx_IndexErrorCallback             0x08001c77   Thumb Code     2  stm32g4xx_hal_tim_ex.o(.text.HAL_TIMEx_IndexErrorCallback)
    HAL_TIMEx_MasterConfigSynchronization    0x08001c79   Thumb Code   152  stm32g4xx_hal_tim_ex.o(.text.HAL_TIMEx_MasterConfigSynchronization)
    HAL_TIMEx_TransitionErrorCallback        0x08001cfd   Thumb Code     2  stm32g4xx_hal_tim_ex.o(.text.HAL_TIMEx_TransitionErrorCallback)
    HAL_TIM_Base_Init                        0x08001cff   Thumb Code    96  stm32g4xx_hal_tim.o(.text.HAL_TIM_Base_Init)
    HAL_TIM_Base_MspInit                     0x08001d61   Thumb Code   276  tim.o(.text.HAL_TIM_Base_MspInit)
    HAL_TIM_Base_Start_IT                    0x08001e6d   Thumb Code   120  stm32g4xx_hal_tim.o(.text.HAL_TIM_Base_Start_IT)
    HAL_TIM_ConfigClockSource                0x08001ee1   Thumb Code   292  stm32g4xx_hal_tim.o(.text.HAL_TIM_ConfigClockSource)
    HAL_TIM_IC_CaptureCallback               0x08002005   Thumb Code    68  main.o(.text.HAL_TIM_IC_CaptureCallback)
    HAL_TIM_IC_ConfigChannel                 0x08002049   Thumb Code   214  stm32g4xx_hal_tim.o(.text.HAL_TIM_IC_ConfigChannel)
    HAL_TIM_IC_Init                          0x0800211f   Thumb Code    96  stm32g4xx_hal_tim.o(.text.HAL_TIM_IC_Init)
    HAL_TIM_IC_MspInit                       0x0800217f   Thumb Code     2  stm32g4xx_hal_tim.o(.text.HAL_TIM_IC_MspInit)
    HAL_TIM_IC_Start_IT                      0x08002181   Thumb Code   348  stm32g4xx_hal_tim.o(.text.HAL_TIM_IC_Start_IT)
    HAL_TIM_IRQHandler                       0x080022dd   Thumb Code   512  stm32g4xx_hal_tim.o(.text.HAL_TIM_IRQHandler)
    HAL_TIM_MspPostInit                      0x080024dd   Thumb Code    76  tim.o(.text.HAL_TIM_MspPostInit)
    HAL_TIM_OC_DelayElapsedCallback          0x08002529   Thumb Code     2  stm32g4xx_hal_tim.o(.text.HAL_TIM_OC_DelayElapsedCallback)
    HAL_TIM_PWM_ConfigChannel                0x0800252d   Thumb Code   184  stm32g4xx_hal_tim.o(.text.HAL_TIM_PWM_ConfigChannel)
    HAL_TIM_PWM_Init                         0x080025e5   Thumb Code    96  stm32g4xx_hal_tim.o(.text.HAL_TIM_PWM_Init)
    HAL_TIM_PWM_MspInit                      0x08002645   Thumb Code     2  stm32g4xx_hal_tim.o(.text.HAL_TIM_PWM_MspInit)
    HAL_TIM_PWM_PulseFinishedCallback        0x08002647   Thumb Code     2  stm32g4xx_hal_tim.o(.text.HAL_TIM_PWM_PulseFinishedCallback)
    HAL_TIM_PWM_Start                        0x08002649   Thumb Code   272  stm32g4xx_hal_tim.o(.text.HAL_TIM_PWM_Start)
    HAL_TIM_PeriodElapsedCallback            0x08002755   Thumb Code   688  main.o(.text.HAL_TIM_PeriodElapsedCallback)
    HAL_TIM_ReadCapturedValue                0x08002a01   Thumb Code    46  stm32g4xx_hal_tim.o(.text.HAL_TIM_ReadCapturedValue)
    HAL_TIM_TriggerCallback                  0x08002a2f   Thumb Code     2  stm32g4xx_hal_tim.o(.text.HAL_TIM_TriggerCallback)
    HardFault_Handler                        0x08002a31   Thumb Code     2  stm32g4xx_it.o(.text.HardFault_Handler)
    LCD_BusIn                                0x08002a35   Thumb Code    36  lcd.o(.text.LCD_BusIn)
    LCD_BusOut                               0x08002a55   Thumb Code    40  lcd.o(.text.LCD_BusOut)
    LCD_Clear                                0x08002a7d   Thumb Code    36  lcd.o(.text.LCD_Clear)
    LCD_CtrlLinesConfig                      0x08002aa1   Thumb Code   152  lcd.o(.text.LCD_CtrlLinesConfig)
    LCD_DisplayChar                          0x08002b39   Thumb Code    24  lcd.o(.text.LCD_DisplayChar)
    LCD_DisplayStringLine                    0x08002b51   Thumb Code    40  lcd.o(.text.LCD_DisplayStringLine)
    LCD_DrawChar                             0x08002b79   Thumb Code   100  lcd.o(.text.LCD_DrawChar)
    LCD_Init                                 0x08002bd5   Thumb Code    52  lcd.o(.text.LCD_Init)
    LCD_ReadReg                              0x08002c09   Thumb Code   144  lcd.o(.text.LCD_ReadReg)
    LCD_SetBackColor                         0x08002c99   Thumb Code    24  lcd.o(.text.LCD_SetBackColor)
    LCD_SetCursor                            0x08002cb1   Thumb Code    24  lcd.o(.text.LCD_SetCursor)
    LCD_SetTextColor                         0x08002cc9   Thumb Code    24  lcd.o(.text.LCD_SetTextColor)
    LCD_WriteRAM                             0x08002ce1   Thumb Code    80  lcd.o(.text.LCD_WriteRAM)
    LCD_WriteRAM_Prepare                     0x08002d2d   Thumb Code    84  lcd.o(.text.LCD_WriteRAM_Prepare)
    LCD_WriteReg                             0x08002d7d   Thumb Code   100  lcd.o(.text.LCD_WriteReg)
    MX_ADC2_Init                             0x08002e01   Thumb Code   120  adc.o(.text.MX_ADC2_Init)
    MX_GPIO_Init                             0x08002e79   Thumb Code   304  gpio.o(.text.MX_GPIO_Init)
    MX_TIM15_Init                            0x08002fa9   Thumb Code   108  tim.o(.text.MX_TIM15_Init)
    MX_TIM16_Init                            0x08003015   Thumb Code    56  tim.o(.text.MX_TIM16_Init)
    MX_TIM17_Init                            0x0800304d   Thumb Code    56  tim.o(.text.MX_TIM17_Init)
    MX_TIM2_Init                             0x08003085   Thumb Code   156  tim.o(.text.MX_TIM2_Init)
    MX_TIM3_Init                             0x08003121   Thumb Code   152  tim.o(.text.MX_TIM3_Init)
    MemManage_Handler                        0x080031b5   Thumb Code     2  stm32g4xx_it.o(.text.MemManage_Handler)
    NMI_Handler                              0x080031b7   Thumb Code     2  stm32g4xx_it.o(.text.NMI_Handler)
    PendSV_Handler                           0x080031b9   Thumb Code     2  stm32g4xx_it.o(.text.PendSV_Handler)
    REG_8230_Init                            0x080031bd   Thumb Code   240  lcd.o(.text.REG_8230_Init)
    REG_932X_Init                            0x080032a9   Thumb Code   408  lcd.o(.text.REG_932X_Init)
    SVC_Handler                              0x08003441   Thumb Code     2  stm32g4xx_it.o(.text.SVC_Handler)
    SysTick_Handler                          0x08003443   Thumb Code     4  stm32g4xx_it.o(.text.SysTick_Handler)
    SystemClock_Config                       0x08003447   Thumb Code   150  main.o(.text.SystemClock_Config)
    SystemInit                               0x080034dd   Thumb Code    16  system_stm32g4xx.o(.text.SystemInit)
    TIM1_BRK_TIM15_IRQHandler                0x080034ed   Thumb Code    12  stm32g4xx_it.o(.text.TIM1_BRK_TIM15_IRQHandler)
    TIM1_TRG_COM_TIM17_IRQHandler            0x080034f9   Thumb Code    12  stm32g4xx_it.o(.text.TIM1_TRG_COM_TIM17_IRQHandler)
    TIM1_UP_TIM16_IRQHandler                 0x08003505   Thumb Code    12  stm32g4xx_it.o(.text.TIM1_UP_TIM16_IRQHandler)
    TIM3_IRQHandler                          0x08003511   Thumb Code    12  stm32g4xx_it.o(.text.TIM3_IRQHandler)
    TIM_Base_SetConfig                       0x0800351d   Thumb Code   236  stm32g4xx_hal_tim.o(.text.TIM_Base_SetConfig)
    TIM_CCxChannelCmd                        0x08003605   Thumb Code    30  stm32g4xx_hal_tim.o(.text.TIM_CCxChannelCmd)
    TIM_OC2_SetConfig                        0x0800368d   Thumb Code   120  stm32g4xx_hal_tim.o(.text.TIM_OC2_SetConfig)
    TIM_TI1_SetConfig                        0x080038c5   Thumb Code   112  stm32g4xx_hal_tim.o(.text.TIM_TI1_SetConfig)
    UsageFault_Handler                       0x0800398f   Thumb Code     2  stm32g4xx_it.o(.text.UsageFault_Handler)
    main                                     0x080039b9   Thumb Code  3104  main.o(.text.main)
    __0sprintf                               0x080045d9   Thumb Code    34  printfa.o(i.__0sprintf)
    __1sprintf                               0x080045d9   Thumb Code     0  printfa.o(i.__0sprintf)
    __2sprintf                               0x080045d9   Thumb Code     0  printfa.o(i.__0sprintf)
    __c89sprintf                             0x080045d9   Thumb Code     0  printfa.o(i.__0sprintf)
    sprintf                                  0x080045d9   Thumb Code     0  printfa.o(i.__0sprintf)
    __scatterload_copy                       0x08004601   Thumb Code    14  handlers.o(i.__scatterload_copy)
    __scatterload_null                       0x0800460f   Thumb Code     2  handlers.o(i.__scatterload_null)
    __scatterload_zeroinit                   0x08004611   Thumb Code    14  handlers.o(i.__scatterload_zeroinit)
    AHBPrescTable                            0x08004edc   Data          16  system_stm32g4xx.o(.rodata.AHBPrescTable)
    ASCII_Table                              0x08004eec   Data        4560  lcd.o(.rodata.ASCII_Table)
    Region$$Table$$Base                      0x08006168   Number         0  anon$$obj.o(Region$$Table)
    Region$$Table$$Limit                     0x08006188   Number         0  anon$$obj.o(Region$$Table)
    R                                        0x20000000   Data           1  main.o(.data..L_MergedGlobals)
    K                                        0x20000001   Data           1  main.o(.data..L_MergedGlobals)
    arr                                      0x20000002   Data           2  main.o(.data..L_MergedGlobals)
    p                                        0x20000004   Data           4  main.o(.data..L_MergedGlobals)
    ML                                       0x20000008   Data           4  main.o(.data..L_MergedGlobals)
    uwTickPrio                               0x2000000c   Data           4  stm32g4xx_hal.o(.data..L_MergedGlobals)
    uwTickFreq                               0x20000010   Data           4  stm32g4xx_hal.o(.data..L_MergedGlobals)
    SystemCoreClock                          0x20000018   Data           4  system_stm32g4xx.o(.data.SystemCoreClock)
    view                                     0x20000020   Data           1  main.o(.bss..L_MergedGlobals.14)
    mode                                     0x20000021   Data           1  main.o(.bss..L_MergedGlobals.14)
    kind                                     0x20000022   Data           1  main.o(.bss..L_MergedGlobals.14)
    N                                        0x20000023   Data           1  main.o(.bss..L_MergedGlobals.14)
    ke                                       0x20000024   Data           1  main.o(.bss..L_MergedGlobals.14)
    kel                                      0x20000025   Data           1  main.o(.bss..L_MergedGlobals.14)
    t1f                                      0x20000026   Data           1  main.o(.bss..L_MergedGlobals.14)
    t2f                                      0x20000027   Data           1  main.o(.bss..L_MergedGlobals.14)
    change                                   0x20000028   Data           1  main.o(.bss..L_MergedGlobals.14)
    h                                        0x20000029   Data           1  main.o(.bss..L_MergedGlobals.14)
    arrf                                     0x2000002a   Data           1  main.o(.bss..L_MergedGlobals.14)
    ccrl                                     0x2000002c   Data           4  main.o(.bss..L_MergedGlobals.14)
    frq                                      0x20000030   Data           4  main.o(.bss..L_MergedGlobals.14)
    v                                        0x20000034   Data           4  main.o(.bss..L_MergedGlobals.14)
    t                                        0x20000038   Data           4  main.o(.bss..L_MergedGlobals.14)
    t0                                       0x2000003c   Data           4  main.o(.bss..L_MergedGlobals.14)
    t1                                       0x20000040   Data           4  main.o(.bss..L_MergedGlobals.14)
    t2                                       0x20000044   Data           4  main.o(.bss..L_MergedGlobals.14)
    MH                                       0x20000048   Data           4  main.o(.bss..L_MergedGlobals.14)
    adc_value                                0x2000004c   Data           4  main.o(.bss..L_MergedGlobals.14)
    adc_v                                    0x20000050   Data           8  main.o(.bss..L_MergedGlobals.14)
    text                                     0x20000058   Data          30  main.o(.bss..L_MergedGlobals.14)
    dummy                                    0x20000078   Data           2  lcd.o(.bss.dummy)
    hadc2                                    0x2000007c   Data         108  adc.o(.bss.hadc2)
    htim15                                   0x200000e8   Data          76  tim.o(.bss.htim15)
    htim16                                   0x20000134   Data          76  tim.o(.bss.htim16)
    htim17                                   0x20000180   Data          76  tim.o(.bss.htim17)
    htim2                                    0x200001cc   Data          76  tim.o(.bss.htim2)
    htim3                                    0x20000218   Data          76  tim.o(.bss.htim3)
    key                                      0x20000264   Data          48  main.o(.bss.key)
    uwTick                                   0x20000294   Data           4  stm32g4xx_hal.o(.bss.uwTick)
    __initial_sp                             0x20000698   Data           0  startup_stm32g431xx.o(STACK)



==============================================================================

Memory Map of the image

  Image Entry point : 0x080001d9

  Load Region LR_IROM1 (Base: 0x08000000, Size: 0x000061a8, Max: 0x00020000, ABSOLUTE)

    Execution Region ER_IROM1 (Exec base: 0x08000000, Load base: 0x08000000, Size: 0x00006188, Max: 0x00020000, ABSOLUTE)

    Exec Addr    Load Addr    Size         Type   Attr      Idx    E Section Name        Object

    0x08000000   0x08000000   0x000001d8   Data   RO            3    RESET               startup_stm32g431xx.o
    0x080001d8   0x080001d8   0x00000000   Code   RO         1284  * .ARM.Collect$$$$00000000  mc_w.l(entry.o)
    0x080001d8   0x080001d8   0x00000004   Code   RO         1568    .ARM.Collect$$$$00000001  mc_w.l(entry2.o)
    0x080001dc   0x080001dc   0x00000004   Code   RO         1571    .ARM.Collect$$$$00000004  mc_w.l(entry5.o)
    0x080001e0   0x080001e0   0x00000000   Code   RO         1573    .ARM.Collect$$$$00000008  mc_w.l(entry7b.o)
    0x080001e0   0x080001e0   0x00000000   Code   RO         1575    .ARM.Collect$$$$0000000A  mc_w.l(entry8b.o)
    0x080001e0   0x080001e0   0x00000008   Code   RO         1576    .ARM.Collect$$$$0000000B  mc_w.l(entry9a.o)
    0x080001e8   0x080001e8   0x00000000   Code   RO         1578    .ARM.Collect$$$$0000000D  mc_w.l(entry10a.o)
    0x080001e8   0x080001e8   0x00000000   Code   RO         1580    .ARM.Collect$$$$0000000F  mc_w.l(entry11a.o)
    0x080001e8   0x080001e8   0x00000004   Code   RO         1569    .ARM.Collect$$$$00002712  mc_w.l(entry2.o)
    0x080001ec   0x080001ec   0x00000024   Code   RO            4    .text               startup_stm32g431xx.o
    0x08000210   0x08000210   0x00000024   Code   RO         1287    .text               mc_w.l(memseta.o)
    0x08000234   0x08000234   0x0000014e   Code   RO         1550    .text               mf_w.l(dadd.o)
    0x08000382   0x08000382   0x000000e4   Code   RO         1552    .text               mf_w.l(dmul.o)
    0x08000466   0x08000466   0x000000de   Code   RO         1554    .text               mf_w.l(ddiv.o)
    0x08000544   0x08000544   0x00000036   Code   RO         1556    .text               mf_w.l(dcmple.o)
    0x0800057a   0x0800057a   0x00000036   Code   RO         1558    .text               mf_w.l(dcmpge.o)
    0x080005b0   0x080005b0   0x0000001a   Code   RO         1560    .text               mf_w.l(dfltui.o)
    0x080005ca   0x080005ca   0x00000032   Code   RO         1562    .text               mf_w.l(dfixui.o)
    0x080005fc   0x080005fc   0x00000026   Code   RO         1564    .text               mf_w.l(f2d.o)
    0x08000622   0x08000622   0x00000038   Code   RO         1566    .text               mf_w.l(d2f.o)
    0x0800065a   0x0800065a   0x0000002c   Code   RO         1587    .text               mc_w.l(uidiv.o)
    0x08000686   0x08000686   0x00000062   Code   RO         1589    .text               mc_w.l(uldiv.o)
    0x080006e8   0x080006e8   0x0000001e   Code   RO         1591    .text               mc_w.l(llshl.o)
    0x08000706   0x08000706   0x00000020   Code   RO         1593    .text               mc_w.l(llushr.o)
    0x08000726   0x08000726   0x00000024   Code   RO         1595    .text               mc_w.l(llsshr.o)
    0x0800074a   0x0800074a   0x00000000   Code   RO         1597    .text               mc_w.l(iusefp.o)
    0x0800074a   0x0800074a   0x0000006e   Code   RO         1598    .text               mf_w.l(fepilogue.o)
    0x080007b8   0x080007b8   0x000000ba   Code   RO         1600    .text               mf_w.l(depilogue.o)
    0x08000872   0x08000872   0x00000030   Code   RO         1602    .text               mf_w.l(dfixul.o)
    0x080008a2   0x080008a2   0x00000002   PAD
    0x080008a4   0x080008a4   0x00000030   Code   RO         1604    .text               mf_w.l(cdrcmple.o)
    0x080008d4   0x080008d4   0x00000024   Code   RO         1606    .text               mc_w.l(init.o)
    0x080008f8   0x080008f8   0x00000070   Code   RO          150    .text.ADC_Enable    stm32g4xx_hal_adc.o
    0x08000968   0x08000968   0x00000002   Code   RO           99    .text.BusFault_Handler  stm32g4xx_it.o
    0x0800096a   0x0800096a   0x00000002   Code   RO          105    .text.DebugMon_Handler  stm32g4xx_it.o
    0x0800096c   0x0800096c   0x00000008   Code   RO           15    .text.Error_Handler  main.o
    0x08000974   0x08000974   0x0000035c   Code   RO          188    .text.HAL_ADC_ConfigChannel  stm32g4xx_hal_adc.o
    0x08000cd0   0x08000cd0   0x00000006   Code   RO          172    .text.HAL_ADC_GetValue  stm32g4xx_hal_adc.o
    0x08000cd6   0x08000cd6   0x00000002   PAD
    0x08000cd8   0x08000cd8   0x000001d8   Code   RO          136    .text.HAL_ADC_Init  stm32g4xx_hal_adc.o
    0x08000eb0   0x08000eb0   0x00000060   Code   RO           49    .text.HAL_ADC_MspInit  adc.o
    0x08000f10   0x08000f10   0x000000d4   Code   RO          148    .text.HAL_ADC_Start  stm32g4xx_hal_adc.o
    0x08000fe4   0x08000fe4   0x00000020   Code   RO          295    .text.HAL_Delay     stm32g4xx_hal.o
    0x08001004   0x08001004   0x00000184   Code   RO          519    .text.HAL_GPIO_Init  stm32g4xx_hal_gpio.o
    0x08001188   0x08001188   0x0000000a   Code   RO          523    .text.HAL_GPIO_ReadPin  stm32g4xx_hal_gpio.o
    0x08001192   0x08001192   0x0000000c   Code   RO          525    .text.HAL_GPIO_WritePin  stm32g4xx_hal_gpio.o
    0x0800119e   0x0800119e   0x00000002   PAD
    0x080011a0   0x080011a0   0x00000008   Code   RO          287    .text.HAL_GetTick   stm32g4xx_hal.o
    0x080011a8   0x080011a8   0x00000014   Code   RO          285    .text.HAL_IncTick   stm32g4xx_hal.o
    0x080011bc   0x080011bc   0x0000001c   Code   RO          275    .text.HAL_Init      stm32g4xx_hal.o
    0x080011d8   0x080011d8   0x00000044   Code   RO          277    .text.HAL_InitTick  stm32g4xx_hal.o
    0x0800121c   0x0800121c   0x00000034   Code   RO          127    .text.HAL_MspInit   stm32g4xx_hal_msp.o
    0x08001250   0x08001250   0x0000001c   Code   RO          759    .text.HAL_NVIC_EnableIRQ  stm32g4xx_hal_cortex.o
    0x0800126c   0x0800126c   0x0000003c   Code   RO          755    .text.HAL_NVIC_SetPriority  stm32g4xx_hal_cortex.o
    0x080012a8   0x080012a8   0x00000020   Code   RO          753    .text.HAL_NVIC_SetPriorityGrouping  stm32g4xx_hal_cortex.o
    0x080012c8   0x080012c8   0x000000ac   Code   RO          672    .text.HAL_PWREx_ControlVoltageScaling  stm32g4xx_hal_pwr_ex.o
    0x08001374   0x08001374   0x00000010   Code   RO          742    .text.HAL_PWREx_DisableUCPDDeadBattery  stm32g4xx_hal_pwr_ex.o
    0x08001384   0x08001384   0x00000230   Code   RO          395    .text.HAL_RCCEx_PeriphCLKConfig  stm32g4xx_hal_rcc_ex.o
    0x080015b4   0x080015b4   0x000001e8   Code   RO          360    .text.HAL_RCC_ClockConfig  stm32g4xx_hal_rcc.o
    0x0800179c   0x0800179c   0x0000006c   Code   RO          362    .text.HAL_RCC_GetSysClockFreq  stm32g4xx_hal_rcc.o
    0x08001808   0x08001808   0x0000043c   Code   RO          358    .text.HAL_RCC_OscConfig  stm32g4xx_hal_rcc.o
    0x08001c44   0x08001c44   0x00000028   Code   RO          767    .text.HAL_SYSTICK_Config  stm32g4xx_hal_cortex.o
    0x08001c6c   0x08001c6c   0x00000002   Code   RO         1171    .text.HAL_TIMEx_Break2Callback  stm32g4xx_hal_tim_ex.o
    0x08001c6e   0x08001c6e   0x00000002   Code   RO         1169    .text.HAL_TIMEx_BreakCallback  stm32g4xx_hal_tim_ex.o
    0x08001c70   0x08001c70   0x00000002   Code   RO         1165    .text.HAL_TIMEx_CommutCallback  stm32g4xx_hal_tim_ex.o
    0x08001c72   0x08001c72   0x00000002   Code   RO         1175    .text.HAL_TIMEx_DirectionChangeCallback  stm32g4xx_hal_tim_ex.o
    0x08001c74   0x08001c74   0x00000002   Code   RO         1173    .text.HAL_TIMEx_EncoderIndexCallback  stm32g4xx_hal_tim_ex.o
    0x08001c76   0x08001c76   0x00000002   Code   RO         1177    .text.HAL_TIMEx_IndexErrorCallback  stm32g4xx_hal_tim_ex.o
    0x08001c78   0x08001c78   0x00000084   Code   RO         1115    .text.HAL_TIMEx_MasterConfigSynchronization  stm32g4xx_hal_tim_ex.o
    0x08001cfc   0x08001cfc   0x00000002   Code   RO         1179    .text.HAL_TIMEx_TransitionErrorCallback  stm32g4xx_hal_tim_ex.o
    0x08001cfe   0x08001cfe   0x00000060   Code   RO          802    .text.HAL_TIM_Base_Init  stm32g4xx_hal_tim.o
    0x08001d5e   0x08001d5e   0x00000002   PAD
    0x08001d60   0x08001d60   0x0000010c   Code   RO           75    .text.HAL_TIM_Base_MspInit  tim.o
    0x08001e6c   0x08001e6c   0x00000074   Code   RO          816    .text.HAL_TIM_Base_Start_IT  stm32g4xx_hal_tim.o
    0x08001ee0   0x08001ee0   0x00000124   Code   RO          994    .text.HAL_TIM_ConfigClockSource  stm32g4xx_hal_tim.o
    0x08002004   0x08002004   0x00000044   Code   RO           19    .text.HAL_TIM_IC_CaptureCallback  main.o
    0x08002048   0x08002048   0x000000d6   Code   RO          962    .text.HAL_TIM_IC_ConfigChannel  stm32g4xx_hal_tim.o
    0x0800211e   0x0800211e   0x00000060   Code   RO          876    .text.HAL_TIM_IC_Init  stm32g4xx_hal_tim.o
    0x0800217e   0x0800217e   0x00000002   Code   RO          878    .text.HAL_TIM_IC_MspInit  stm32g4xx_hal_tim.o
    0x08002180   0x08002180   0x0000015c   Code   RO          888    .text.HAL_TIM_IC_Start_IT  stm32g4xx_hal_tim.o
    0x080022dc   0x080022dc   0x00000200   Code   RO          936    .text.HAL_TIM_IRQHandler  stm32g4xx_hal_tim.o
    0x080024dc   0x080024dc   0x0000004c   Code   RO           65    .text.HAL_TIM_MspPostInit  tim.o
    0x08002528   0x08002528   0x00000002   Code   RO          940    .text.HAL_TIM_OC_DelayElapsedCallback  stm32g4xx_hal_tim.o
    0x0800252a   0x0800252a   0x00000002   PAD
    0x0800252c   0x0800252c   0x000000b8   Code   RO          968    .text.HAL_TIM_PWM_ConfigChannel  stm32g4xx_hal_tim.o
    0x080025e4   0x080025e4   0x00000060   Code   RO          856    .text.HAL_TIM_PWM_Init  stm32g4xx_hal_tim.o
    0x08002644   0x08002644   0x00000002   Code   RO          858    .text.HAL_TIM_PWM_MspInit  stm32g4xx_hal_tim.o
    0x08002646   0x08002646   0x00000002   Code   RO          942    .text.HAL_TIM_PWM_PulseFinishedCallback  stm32g4xx_hal_tim.o
    0x08002648   0x08002648   0x0000010c   Code   RO          864    .text.HAL_TIM_PWM_Start  stm32g4xx_hal_tim.o
    0x08002754   0x08002754   0x000002ac   Code   RO           17    .text.HAL_TIM_PeriodElapsedCallback  main.o
    0x08002a00   0x08002a00   0x0000002e   Code   RO         1008    .text.HAL_TIM_ReadCapturedValue  stm32g4xx_hal_tim.o
    0x08002a2e   0x08002a2e   0x00000002   Code   RO          946    .text.HAL_TIM_TriggerCallback  stm32g4xx_hal_tim.o
    0x08002a30   0x08002a30   0x00000002   Code   RO           95    .text.HardFault_Handler  stm32g4xx_it.o
    0x08002a32   0x08002a32   0x00000002   PAD
    0x08002a34   0x08002a34   0x00000020   Code   RO         1258    .text.LCD_BusIn     lcd.o
    0x08002a54   0x08002a54   0x00000028   Code   RO         1260    .text.LCD_BusOut    lcd.o
    0x08002a7c   0x08002a7c   0x00000024   Code   RO         1232    .text.LCD_Clear     lcd.o
    0x08002aa0   0x08002aa0   0x00000098   Code   RO         1220    .text.LCD_CtrlLinesConfig  lcd.o
    0x08002b38   0x08002b38   0x00000018   Code   RO         1242    .text.LCD_DisplayChar  lcd.o
    0x08002b50   0x08002b50   0x00000028   Code   RO         1230    .text.LCD_DisplayStringLine  lcd.o
    0x08002b78   0x08002b78   0x0000005c   Code   RO         1240    .text.LCD_DrawChar  lcd.o
    0x08002bd4   0x08002bd4   0x00000034   Code   RO         1218    .text.LCD_Init      lcd.o
    0x08002c08   0x08002c08   0x00000090   Code   RO         1222    .text.LCD_ReadReg   lcd.o
    0x08002c98   0x08002c98   0x00000018   Code   RO         1226    .text.LCD_SetBackColor  lcd.o
    0x08002cb0   0x08002cb0   0x00000018   Code   RO         1234    .text.LCD_SetCursor  lcd.o
    0x08002cc8   0x08002cc8   0x00000018   Code   RO         1224    .text.LCD_SetTextColor  lcd.o
    0x08002ce0   0x08002ce0   0x0000004c   Code   RO         1238    .text.LCD_WriteRAM  lcd.o
    0x08002d2c   0x08002d2c   0x00000050   Code   RO         1236    .text.LCD_WriteRAM_Prepare  lcd.o
    0x08002d7c   0x08002d7c   0x00000064   Code   RO         1214    .text.LCD_WriteReg  lcd.o
    0x08002de0   0x08002de0   0x00000020   Code   RO          190    .text.LL_ADC_SetChannelSamplingTime  stm32g4xx_hal_adc.o
    0x08002e00   0x08002e00   0x00000078   Code   RO           47    .text.MX_ADC2_Init  adc.o
    0x08002e78   0x08002e78   0x00000130   Code   RO           36    .text.MX_GPIO_Init  gpio.o
    0x08002fa8   0x08002fa8   0x0000006c   Code   RO           69    .text.MX_TIM15_Init  tim.o
    0x08003014   0x08003014   0x00000038   Code   RO           71    .text.MX_TIM16_Init  tim.o
    0x0800304c   0x0800304c   0x00000038   Code   RO           73    .text.MX_TIM17_Init  tim.o
    0x08003084   0x08003084   0x0000009c   Code   RO           63    .text.MX_TIM2_Init  tim.o
    0x08003120   0x08003120   0x00000094   Code   RO           67    .text.MX_TIM3_Init  tim.o
    0x080031b4   0x080031b4   0x00000002   Code   RO           97    .text.MemManage_Handler  stm32g4xx_it.o
    0x080031b6   0x080031b6   0x00000002   Code   RO           93    .text.NMI_Handler   stm32g4xx_it.o
    0x080031b8   0x080031b8   0x00000002   Code   RO          107    .text.PendSV_Handler  stm32g4xx_it.o
    0x080031ba   0x080031ba   0x00000002   PAD
    0x080031bc   0x080031bc   0x000000ec   Code   RO         1212    .text.REG_8230_Init  lcd.o
    0x080032a8   0x080032a8   0x00000198   Code   RO         1216    .text.REG_932X_Init  lcd.o
    0x08003440   0x08003440   0x00000002   Code   RO          103    .text.SVC_Handler   stm32g4xx_it.o
    0x08003442   0x08003442   0x00000004   Code   RO          109    .text.SysTick_Handler  stm32g4xx_it.o
    0x08003446   0x08003446   0x00000096   Code   RO           13    .text.SystemClock_Config  main.o
    0x080034dc   0x080034dc   0x00000010   Code   RO         1194    .text.SystemInit    system_stm32g4xx.o
    0x080034ec   0x080034ec   0x0000000c   Code   RO          111    .text.TIM1_BRK_TIM15_IRQHandler  stm32g4xx_it.o
    0x080034f8   0x080034f8   0x0000000c   Code   RO          115    .text.TIM1_TRG_COM_TIM17_IRQHandler  stm32g4xx_it.o
    0x08003504   0x08003504   0x0000000c   Code   RO          113    .text.TIM1_UP_TIM16_IRQHandler  stm32g4xx_it.o
    0x08003510   0x08003510   0x0000000c   Code   RO          117    .text.TIM3_IRQHandler  stm32g4xx_it.o
    0x0800351c   0x0800351c   0x000000e8   Code   RO          806    .text.TIM_Base_SetConfig  stm32g4xx_hal_tim.o
    0x08003604   0x08003604   0x0000001e   Code   RO          840    .text.TIM_CCxChannelCmd  stm32g4xx_hal_tim.o
    0x08003622   0x08003622   0x00000002   PAD
    0x08003624   0x08003624   0x00000068   Code   RO          950    .text.TIM_OC1_SetConfig  stm32g4xx_hal_tim.o
    0x0800368c   0x0800368c   0x00000070   Code   RO          952    .text.TIM_OC2_SetConfig  stm32g4xx_hal_tim.o
    0x080036fc   0x080036fc   0x00000074   Code   RO          954    .text.TIM_OC3_SetConfig  stm32g4xx_hal_tim.o
    0x08003770   0x08003770   0x00000074   Code   RO          956    .text.TIM_OC4_SetConfig  stm32g4xx_hal_tim.o
    0x080037e4   0x080037e4   0x0000005c   Code   RO          958    .text.TIM_OC5_SetConfig  stm32g4xx_hal_tim.o
    0x08003840   0x08003840   0x00000060   Code   RO          960    .text.TIM_OC6_SetConfig  stm32g4xx_hal_tim.o
    0x080038a0   0x080038a0   0x00000022   Code   RO          996    .text.TIM_TI1_ConfigInputStage  stm32g4xx_hal_tim.o
    0x080038c2   0x080038c2   0x00000002   PAD
    0x080038c4   0x080038c4   0x00000070   Code   RO          964    .text.TIM_TI1_SetConfig  stm32g4xx_hal_tim.o
    0x08003934   0x08003934   0x00000022   Code   RO          998    .text.TIM_TI2_ConfigInputStage  stm32g4xx_hal_tim.o
    0x08003956   0x08003956   0x00000038   Code   RO          966    .text.TIM_TI2_SetConfig  stm32g4xx_hal_tim.o
    0x0800398e   0x0800398e   0x00000002   Code   RO          101    .text.UsageFault_Handler  stm32g4xx_it.o
    0x08003990   0x08003990   0x00000024   Code   RO          757    .text.__NVIC_SetPriority  stm32g4xx_hal_cortex.o
    0x080039b4   0x080039b4   0x00000004   PAD
    0x080039b8   0x080039b8   0x00000c20   Code   RO           11    .text.main          main.o
    0x080045d8   0x080045d8   0x00000028   Code   RO         1524    i.__0sprintf        mc_w.l(printfa.o)
    0x08004600   0x08004600   0x0000000e   Code   RO         1612    i.__scatterload_copy  mc_w.l(handlers.o)
    0x0800460e   0x0800460e   0x00000002   Code   RO         1613    i.__scatterload_null  mc_w.l(handlers.o)
    0x08004610   0x08004610   0x0000000e   Code   RO         1614    i.__scatterload_zeroinit  mc_w.l(handlers.o)
    0x0800461e   0x0800461e   0x00000002   PAD
    0x08004620   0x08004620   0x00000184   Code   RO         1529    i._fp_digits        mc_w.l(printfa.o)
    0x080047a4   0x080047a4   0x000006dc   Code   RO         1530    i._printf_core      mc_w.l(printfa.o)
    0x08004e80   0x08004e80   0x00000024   Code   RO         1531    i._printf_post_padding  mc_w.l(printfa.o)
    0x08004ea4   0x08004ea4   0x0000002e   Code   RO         1532    i._printf_pre_padding  mc_w.l(printfa.o)
    0x08004ed2   0x08004ed2   0x0000000a   Code   RO         1534    i._sputc            mc_w.l(printfa.o)
    0x08004edc   0x08004edc   0x00000010   Data   RO         1199    .rodata.AHBPrescTable  system_stm32g4xx.o
    0x08004eec   0x08004eec   0x000011d0   Data   RO         1272    .rodata.ASCII_Table  lcd.o
    0x080060bc   0x080060bc   0x0000004a   Data   RO           23    .rodata.str1.1      main.o
    0x08006106   0x08006106   0x00000002   PAD
    0x08006108   0x08006108   0x0000005d   Data   RO           22    .rodata.str1.4      main.o
    0x08006165   0x08006165   0x00000003   PAD
    0x08006168   0x08006168   0x00000020   Data   RO         1611    Region$$Table       anon$$obj.o


    Execution Region RW_IRAM1 (Exec base: 0x20000000, Load base: 0x08006188, Size: 0x00000698, Max: 0x00008000, ABSOLUTE)

    Exec Addr    Load Addr    Size         Type   Attr      Idx    E Section Name        Object

    0x20000000   0x08006188   0x0000000c   Data   RW           25    .data..L_MergedGlobals  main.o
    0x2000000c   0x08006194   0x00000008   Data   RW          346    .data..L_MergedGlobals  stm32g4xx_hal.o
    0x20000014   0x0800619c   0x00000002   Data   RW         1275    .data.BackColor     lcd.o
    0x20000016   0x0800619e   0x00000002   PAD
    0x20000018   0x080061a0   0x00000004   Data   RW         1198    .data.SystemCoreClock  system_stm32g4xx.o
    0x2000001c   0x080061a4   0x00000004   PAD
    0x20000020        -       0x00000056   Zero   RW           26    .bss..L_MergedGlobals.14  main.o
    0x20000076        -       0x00000002   Zero   RW         1274    .bss.TextColor      lcd.o
    0x20000078        -       0x00000002   Zero   RW         1273    .bss.dummy          lcd.o
    0x2000007a   0x080061a4   0x00000002   PAD
    0x2000007c        -       0x0000006c   Zero   RW           53    .bss.hadc2          adc.o
    0x200000e8        -       0x0000004c   Zero   RW           81    .bss.htim15         tim.o
    0x20000134        -       0x0000004c   Zero   RW           82    .bss.htim16         tim.o
    0x20000180        -       0x0000004c   Zero   RW           83    .bss.htim17         tim.o
    0x200001cc        -       0x0000004c   Zero   RW           79    .bss.htim2          tim.o
    0x20000218        -       0x0000004c   Zero   RW           80    .bss.htim3          tim.o
    0x20000264        -       0x00000030   Zero   RW           21    .bss.key            main.o
    0x20000294        -       0x00000004   Zero   RW          345    .bss.uwTick         stm32g4xx_hal.o
    0x20000298        -       0x00000400   Zero   RW            1    STACK               startup_stm32g431xx.o


==============================================================================

Image component sizes


      Code (inc. data)   RO Data    RW Data    ZI Data      Debug   Object Name

       216         20          0          0        108       6278   adc.o
       304         16          0          0          0       2458   gpio.o
      1584         56       4560          2          4       9252   lcd.o
      4014        368        167         12        134       9065   main.o
        36          8        472          0       1024        796   startup_stm32g431xx.o
       156          8          0          8          4       8498   stm32g4xx_hal.o
      1694         76          0          0          0      23874   stm32g4xx_hal_adc.o
       196         28          0          0          0       9507   stm32g4xx_hal_cortex.o
       410         20          0          0          0       5054   stm32g4xx_hal_gpio.o
        52          4          0          0          0       1556   stm32g4xx_hal_msp.o
       188         12          0          0          0       8698   stm32g4xx_hal_pwr_ex.o
      1680         56          0          0          0       8940   stm32g4xx_hal_rcc.o
       560          8          0          0          0       9875   stm32g4xx_hal_rcc_ex.o
      3412        186          0          0          0      43685   stm32g4xx_hal_tim.o
       146          4          0          0          0      23835   stm32g4xx_hal_tim_ex.o
        68         16          0          0          0       1349   stm32g4xx_it.o
        16          4         16          4          0       2702   system_stm32g4xx.o
       868         48          0          0        380      10170   tim.o

    ----------------------------------------------------------------------
     15620        942       5252         28       1660     185592   Object Totals
         0          0         32          0          0          0   (incl. Generated)
        20          4          5          2          6          0   (incl. Padding)

    ----------------------------------------------------------------------

      Code (inc. data)   RO Data    RW Data    ZI Data      Debug   Library Member Name

         0          0          0          0          0          0   entry.o
         0          0          0          0          0          0   entry10a.o
         0          0          0          0          0          0   entry11a.o
         8          4          0          0          0          0   entry2.o
         4          0          0          0          0          0   entry5.o
         0          0          0          0          0          0   entry7b.o
         0          0          0          0          0          0   entry8b.o
         8          4          0          0          0          0   entry9a.o
        30          0          0          0          0          0   handlers.o
        36          8          0          0          0         68   init.o
         0          0          0          0          0          0   iusefp.o
        30          0          0          0          0         68   llshl.o
        36          0          0          0          0         68   llsshr.o
        32          0          0          0          0         68   llushr.o
        36          0          0          0          0        108   memseta.o
      2276         86          0          0          0        520   printfa.o
        44          0          0          0          0         80   uidiv.o
        98          0          0          0          0         92   uldiv.o
        48          0          0          0          0         68   cdrcmple.o
        56          0          0          0          0         88   d2f.o
       334          0          0          0          0        148   dadd.o
        54          0          0          0          0         80   dcmpge.o
        54          0          0          0          0         80   dcmple.o
       222          0          0          0          0        100   ddiv.o
       186          0          0          0          0        176   depilogue.o
        50          0          0          0          0         76   dfixui.o
        48          0          0          0          0         68   dfixul.o
        26          0          0          0          0         76   dfltui.o
       228          0          0          0          0         96   dmul.o
        38          0          0          0          0         68   f2d.o
       110          0          0          0          0        168   fepilogue.o

    ----------------------------------------------------------------------
      4096        102          0          0          0       2364   Library Totals
         4          0          0          0          0          0   (incl. Padding)

    ----------------------------------------------------------------------

      Code (inc. data)   RO Data    RW Data    ZI Data      Debug   Library Name

      2638        102          0          0          0       1072   mc_w.l
      1454          0          0          0          0       1292   mf_w.l

    ----------------------------------------------------------------------
      4096        102          0          0          0       2364   Library Totals

    ----------------------------------------------------------------------

==============================================================================


      Code (inc. data)   RO Data    RW Data    ZI Data      Debug   

     19716       1044       5252         28       1660     186708   Grand Totals
     19716       1044       5252         28       1660     186708   ELF Image Totals
     19716       1044       5252         28          0          0   ROM Totals

==============================================================================

    Total RO  Size (Code + RO Data)                24968 (  24.38kB)
    Total RW  Size (RW Data + ZI Data)              1688 (   1.65kB)
    Total ROM Size (Code + RO Data + RW Data)      24996 (  24.41kB)

==============================================================================

