<html>
<body>
<pre>
<h1>µVision Build Log</h1>
<h2>Tool Versions:</h2>
IDE-Version: ¦ÌVision V5.28.0.0
Copyright (C) 2019 ARM Ltd and ARM Germany GmbH. All rights reserved.
License Information: ERF Qian Haoyu, GR, LIC=14HV2-9HZ3Y-Z92G9-4W7DA-VBYK2-WPEL2
 
Tool Versions:
Toolchain:       MDK-ARM Plus  Version: 5.28.0.0
Toolchain Path:  D:\Keil_v5\ARM\ARMCLANG\Bin
C Compiler:      ArmClang.exe V6.12
Assembler:       Armasm.exe V6.12
Linker/Locator:  ArmLink.exe V6.12
Library Manager: ArmAr.exe V6.12
Hex Converter:   FromElf.exe V6.12
CPU DLL:         SARMCM3.DLL V5.28.0.0
Dialog DLL:      DCM.DLL V1.17.3.0
Target DLL:      CMSIS_AGDI.dll V1.31.18.0
Dialog DLL:      TCM.DLL V1.36.2.0
 
<h2>Project:</h2>
H:\qhy\14001590\MDK-ARM\14001590.uvprojx
Project File Date:  04/08/2023

<h2>Output:</h2>
*** Using Compiler 'V6.12', folder: 'D:\Keil_v5\ARM\ARMCLANG\Bin'
Build target '14001590'
assembling startup_stm32g431xx.s...
compiling stm32g4xx_hal_msp.c...
compiling tim.c...
compiling adc.c...
compiling stm32g4xx_hal_adc.c...
compiling main.c...
compiling stm32g4xx_ll_adc.c...
compiling stm32g4xx_hal_adc_ex.c...
compiling stm32g4xx_hal.c...
compiling stm32g4xx_it.c...
compiling stm32g4xx_hal_flash.c...
compiling gpio.c...
compiling stm32g4xx_hal_rcc_ex.c...
compiling stm32g4xx_hal_rcc.c...
compiling stm32g4xx_hal_flash_ex.c...
compiling stm32g4xx_hal_flash_ramfunc.c...
compiling stm32g4xx_hal_dma_ex.c...
compiling stm32g4xx_hal_gpio.c...
compiling stm32g4xx_hal_pwr.c...
compiling stm32g4xx_hal_exti.c...
compiling stm32g4xx_hal_dma.c...
compiling stm32g4xx_hal_pwr_ex.c...
compiling system_stm32g4xx.c...
compiling stm32g4xx_hal_cortex.c...
../lcd/lcd.c(200): warning: passing 'char [21]' to parameter of type 'u8 *' (aka 'unsigned char *') converts between pointers to integer types with different sign [-Wpointer-sign]
    LCD_DisplayStringLine(Line, "                    ");
                                ^~~~~~~~~~~~~~~~~~~~~~
../lcd/lcd.h(187): note: passing argument to parameter 'ptr' here
void LCD_DisplayStringLine(u8 Line, u8 *ptr);
                                        ^
1 warning generated.
compiling lcd.c...
compiling stm32g4xx_hal_tim_ex.c...
compiling stm32g4xx_hal_tim.c...
linking...
Program Size: Code=19716 RO-data=5252 RW-data=28 ZI-data=1660  
FromELF: creating hex file...
"14001590\14001590.axf" - 0 Error(s), 1 Warning(s).

<h2>Software Packages used:</h2>

Package Vendor: ARM
                http://www.keil.com/pack/ARM.CMSIS.5.9.0.pack
                ARM.CMSIS.5.9.0
                CMSIS (Common Microcontroller Software Interface Standard)
   * Component: CORE Version: 5.6.0

Package Vendor: Keil
                https://www.keil.com/pack/Keil.STM32G4xx_DFP.1.5.0.pack
                Keil.STM32G4xx_DFP.1.5.0
                STMicroelectronics STM32G4 Series Device Support, Drivers and Examples

<h2>Collection of Component include folders:</h2>
  .\RTE\_14001590
  D:\Users\Qian Haoyu\AppData\Local\Arm\Packs\ARM\CMSIS\5.9.0\CMSIS\Core\Include
  D:\Users\Qian Haoyu\AppData\Local\Arm\Packs\Keil\STM32G4xx_DFP\1.5.0\Drivers\CMSIS\Device\ST\STM32G4xx\Include

<h2>Collection of Component Files used:</h2>

   * Component: ARM::CMSIS:CORE:5.6.0
Build Time Elapsed:  00:00:08
</pre>
</body>
</html>
